Component: ARM Compiler 5.06 update 6 (build 750) Tool: armlink [4d35ed]

==============================================================================

Section Cross References

    startup_stm32f401xc.o(RESET) refers to startup_stm32f401xc.o(STACK) for __initial_sp
    startup_stm32f401xc.o(RESET) refers to startup_stm32f401xc.o(.text) for Reset_Handler
    startup_stm32f401xc.o(RESET) refers to stm32f4xx_it.o(i.NMI_Handler) for NMI_Handler
    startup_stm32f401xc.o(RESET) refers to stm32f4xx_it.o(i.HardFault_Handler) for HardFault_Handler
    startup_stm32f401xc.o(RESET) refers to stm32f4xx_it.o(i.MemManage_Handler) for MemManage_Handler
    startup_stm32f401xc.o(RESET) refers to stm32f4xx_it.o(i.BusFault_Handler) for BusFault_Handler
    startup_stm32f401xc.o(RESET) refers to stm32f4xx_it.o(i.UsageFault_Handler) for UsageFault_Handler
    startup_stm32f401xc.o(RESET) refers to stm32f4xx_it.o(i.SVC_Handler) for SVC_Handler
    startup_stm32f401xc.o(RESET) refers to stm32f4xx_it.o(i.DebugMon_Handler) for DebugMon_Handler
    startup_stm32f401xc.o(RESET) refers to stm32f4xx_it.o(i.PendSV_Handler) for PendSV_Handler
    startup_stm32f401xc.o(RESET) refers to stm32f4xx_it.o(i.SysTick_Handler) for SysTick_Handler
    startup_stm32f401xc.o(RESET) refers to stm32f4xx_it.o(i.EXTI0_IRQHandler) for EXTI0_IRQHandler
    startup_stm32f401xc.o(RESET) refers to stm32f4xx_it.o(i.EXTI1_IRQHandler) for EXTI1_IRQHandler
    startup_stm32f401xc.o(RESET) refers to stm32f4xx_it.o(i.ADC_IRQHandler) for ADC_IRQHandler
    startup_stm32f401xc.o(RESET) refers to stm32f4xx_it.o(i.TIM5_IRQHandler) for TIM5_IRQHandler
    startup_stm32f401xc.o(RESET) refers to stm32f4xx_it.o(i.DMA2_Stream0_IRQHandler) for DMA2_Stream0_IRQHandler
    startup_stm32f401xc.o(RESET) refers to stm32f4xx_it.o(i.DMA2_Stream1_IRQHandler) for DMA2_Stream1_IRQHandler
    startup_stm32f401xc.o(RESET) refers to stm32f4xx_it.o(i.DMA2_Stream6_IRQHandler) for DMA2_Stream6_IRQHandler
    startup_stm32f401xc.o(RESET) refers to stm32f4xx_it.o(i.USART6_IRQHandler) for USART6_IRQHandler
    startup_stm32f401xc.o(.text) refers to system_stm32f4xx.o(i.SystemInit) for SystemInit
    startup_stm32f401xc.o(.text) refers to entry.o(.ARM.Collect$$$$00000000) for __main
    motors.o(i.MOT_LEFT_GET_SPEED) refers to motors.o(.data) for .data
    motors.o(i.MOT_LEFT_REGULATOR) refers to motors.o(i.MOT_LEFT_SET_SPEED) for MOT_LEFT_SET_SPEED
    motors.o(i.MOT_LEFT_REGULATOR) refers to motors.o(.data) for .data
    motors.o(i.MOT_LEFT_SET_SPEED) refers to main.o(.bss) for htim1
    motors.o(i.MOT_RIGHT_GET_SPEED) refers to motors.o(.data) for .data
    motors.o(i.MOT_RIGHT_REGULATOR) refers to motors.o(i.MOT_RIGHT_SET_SPEED) for MOT_RIGHT_SET_SPEED
    motors.o(i.MOT_RIGHT_REGULATOR) refers to motors.o(.data) for .data
    motors.o(i.MOT_RIGHT_SET_SPEED) refers to main.o(.bss) for htim2
    motors.o(i.MOUSE_INIT) refers to motors.o(.data) for .data
    motors.o(i.MOUSE_MAIN) refers to motors.o(i.READ_POS) for READ_POS
    motors.o(i.MOUSE_MAIN) refers to motors.o(i.MOT_LEFT_GET_SPEED) for MOT_LEFT_GET_SPEED
    motors.o(i.MOUSE_MAIN) refers to motors.o(i.MOT_RIGHT_GET_SPEED) for MOT_RIGHT_GET_SPEED
    motors.o(i.MOUSE_MAIN) refers to motors.o(i.MOVE) for MOVE
    motors.o(i.MOUSE_MAIN) refers to motors.o(i.MOT_RIGHT_REGULATOR) for MOT_RIGHT_REGULATOR
    motors.o(i.MOUSE_MAIN) refers to motors.o(i.MOT_LEFT_REGULATOR) for MOT_LEFT_REGULATOR
    motors.o(i.MOUSE_MAIN) refers to motors.o(.data) for .data
    motors.o(i.MOVE) refers to f2d.o(.text) for __aeabi_f2d
    motors.o(i.MOVE) refers to pow.o(i.__hardfp_pow) for __hardfp_pow
    motors.o(i.MOVE) refers to dadd.o(.text) for __aeabi_dadd
    motors.o(i.MOVE) refers to sqrt.o(i.__hardfp_sqrt) for __hardfp_sqrt
    motors.o(i.MOVE) refers to d2f.o(.text) for __aeabi_d2f
    motors.o(i.MOVE) refers to atan2f.o(i.__hardfp_atan2f) for __hardfp_atan2f
    motors.o(i.MOVE) refers to fmod.o(i.__hardfp_fmod) for __hardfp_fmod
    motors.o(i.MOVE) refers to motors.o(.data) for .data
    motors.o(i.MOVE_SET) refers to motors.o(.data) for .data
    motors.o(i.READ_POS) refers to f2d.o(.text) for __aeabi_f2d
    motors.o(i.READ_POS) refers to fmod.o(i.__hardfp_fmod) for __hardfp_fmod
    motors.o(i.READ_POS) refers to d2f.o(.text) for __aeabi_d2f
    motors.o(i.READ_POS) refers to sin.o(i.__hardfp_sin) for __hardfp_sin
    motors.o(i.READ_POS) refers to dmul.o(.text) for __aeabi_dmul
    motors.o(i.READ_POS) refers to dadd.o(.text) for __aeabi_dadd
    motors.o(i.READ_POS) refers to cos.o(i.__hardfp_cos) for __hardfp_cos
    motors.o(i.READ_POS) refers to motors.o(.data) for .data
    motors.o(.data) refers to motors.o(.bss) for sMOT_LEFT
    motors.o(.data) refers to motors.o(.bss) for sMOT_RIGHT
    motors.o(.data) refers to motors.o(.bss) for MOUSE
    sensors.o(i.CALCULATE_TO_DISTANCE_MM) refers to f2d.o(.text) for __aeabi_f2d
    sensors.o(i.CALCULATE_TO_DISTANCE_MM) refers to pow.o(i.__hardfp_pow) for __hardfp_pow
[...]
    i.HAL_TIM_Encoder_MspInit                0x080025d4   Section        0  stm32f4xx_hal_msp.o(i.HAL_TIM_Encoder_MspInit)
    i.HAL_TIM_Encoder_Start                  0x08002678   Section        0  stm32f4xx_hal_tim.o(i.HAL_TIM_Encoder_Start)
    i.HAL_TIM_IC_CaptureCallback             0x080026ac   Section        0  stm32f4xx_hal_tim.o(i.HAL_TIM_IC_CaptureCallback)
    i.HAL_TIM_IRQHandler                     0x080026ae   Section        0  stm32f4xx_hal_tim.o(i.HAL_TIM_IRQHandler)
    i.HAL_TIM_MspPostInit                    0x08002814   Section        0  stm32f4xx_hal_msp.o(i.HAL_TIM_MspPostInit)
    i.HAL_TIM_OC_DelayElapsedCallback        0x08002894   Section        0  stm32f4xx_hal_tim.o(i.HAL_TIM_OC_DelayElapsedCallback)
    i.HAL_TIM_PWM_ConfigChannel              0x08002896   Section        0  stm32f4xx_hal_tim.o(i.HAL_TIM_PWM_ConfigChannel)
    i.HAL_TIM_PWM_Init                       0x08002966   Section        0  stm32f4xx_hal_tim.o(i.HAL_TIM_PWM_Init)
    i.HAL_TIM_PWM_MspInit                    0x0800299c   Section        0  stm32f4xx_hal_tim.o(i.HAL_TIM_PWM_MspInit)
    i.HAL_TIM_PWM_PulseFinishedCallback      0x0800299e   Section        0  stm32f4xx_hal_tim.o(i.HAL_TIM_PWM_PulseFinishedCallback)
    i.HAL_TIM_PWM_Start                      0x080029a0   Section        0  stm32f4xx_hal_tim.o(i.HAL_TIM_PWM_Start)
    i.HAL_TIM_PeriodElapsedCallback          0x080029d8   Section        0  main.o(i.HAL_TIM_PeriodElapsedCallback)
    i.HAL_TIM_TriggerCallback                0x08002a0c   Section        0  stm32f4xx_hal_tim.o(i.HAL_TIM_TriggerCallback)
    i.HAL_UART_ErrorCallback                 0x08002a0e   Section        0  stm32f4xx_hal_uart.o(i.HAL_UART_ErrorCallback)
    i.HAL_UART_IRQHandler                    0x08002a10   Section        0  stm32f4xx_hal_uart.o(i.HAL_UART_IRQHandler)
    i.HAL_UART_Init                          0x08002b24   Section        0  stm32f4xx_hal_uart.o(i.HAL_UART_Init)
    i.HAL_UART_MspInit                       0x08002b88   Section        0  stm32f4xx_hal_msp.o(i.HAL_UART_MspInit)
    i.HAL_UART_Receive_DMA                   0x08002c6c   Section        0  stm32f4xx_hal_uart.o(i.HAL_UART_Receive_DMA)
    i.HAL_UART_RxCpltCallback                0x08002d04   Section        0  uart.o(i.HAL_UART_RxCpltCallback)
    i.HAL_UART_RxHalfCpltCallback            0x080030b0   Section        0  stm32f4xx_hal_uart.o(i.HAL_UART_RxHalfCpltCallback)
    i.HAL_UART_Transmit_DMA                  0x080030b4   Section        0  stm32f4xx_hal_uart.o(i.HAL_UART_Transmit_DMA)
    i.HAL_UART_TxCpltCallback                0x08003134   Section        0  stm32f4xx_hal_uart.o(i.HAL_UART_TxCpltCallback)
    i.HAL_UART_TxHalfCpltCallback            0x08003136   Section        0  stm32f4xx_hal_uart.o(i.HAL_UART_TxHalfCpltCallback)
    i.HardFault_Handler                      0x08003138   Section        0  stm32f4xx_it.o(i.HardFault_Handler)
    i.MOT_LEFT_GET_SPEED                     0x0800313c   Section        0  motors.o(i.MOT_LEFT_GET_SPEED)
    i.MOT_LEFT_REGULATOR                     0x0800319c   Section        0  motors.o(i.MOT_LEFT_REGULATOR)
    i.MOT_LEFT_SET_SPEED                     0x08003264   Section        0  motors.o(i.MOT_LEFT_SET_SPEED)
    MOT_LEFT_SET_SPEED                       0x08003265   Thumb Code   132  motors.o(i.MOT_LEFT_SET_SPEED)
    i.MOT_RIGHT_GET_SPEED                    0x080032fc   Section        0  motors.o(i.MOT_RIGHT_GET_SPEED)
    i.MOT_RIGHT_REGULATOR                    0x0800335c   Section        0  motors.o(i.MOT_RIGHT_REGULATOR)
    i.MOT_RIGHT_SET_SPEED                    0x08003424   Section        0  motors.o(i.MOT_RIGHT_SET_SPEED)
    MOT_RIGHT_SET_SPEED                      0x08003425   Thumb Code   132  motors.o(i.MOT_RIGHT_SET_SPEED)
    i.MOUSE_INIT                             0x080034bc   Section        0  motors.o(i.MOUSE_INIT)
    i.MOUSE_MAIN                             0x08003524   Section        0  motors.o(i.MOUSE_MAIN)
    i.MOVE                                   0x080035b0   Section        0  motors.o(i.MOVE)
    i.MX_ADC1_Init                           0x08003824   Section        0  main.o(i.MX_ADC1_Init)
    MX_ADC1_Init                             0x08003825   Thumb Code   128  main.o(i.MX_ADC1_Init)
    i.MX_GPIO_Init                           0x080038b0   Section        0  main.o(i.MX_GPIO_Init)
    MX_GPIO_Init                             0x080038b1   Thumb Code   190  main.o(i.MX_GPIO_Init)
    i.MX_TIM1_Init                           0x08003984   Section        0  main.o(i.MX_TIM1_Init)
    MX_TIM1_Init                             0x08003985   Thumb Code   192  main.o(i.MX_TIM1_Init)
    i.MX_TIM2_Init                           0x08003a4c   Section        0  main.o(i.MX_TIM2_Init)
    MX_TIM2_Init                             0x08003a4d   Thumb Code   146  main.o(i.MX_TIM2_Init)
    i.MX_TIM3_Init                           0x08003ae4   Section        0  main.o(i.MX_TIM3_Init)
    MX_TIM3_Init                             0x08003ae5   Thumb Code   100  main.o(i.MX_TIM3_Init)
    i.MX_TIM4_Init                           0x08003b50   Section        0  main.o(i.MX_TIM4_Init)
    MX_TIM4_Init                             0x08003b51   Thumb Code   100  main.o(i.MX_TIM4_Init)
    i.MX_TIM5_Init                           0x08003bbc   Section        0  main.o(i.MX_TIM5_Init)
    MX_TIM5_Init                             0x08003bbd   Thumb Code    96  main.o(i.MX_TIM5_Init)
    i.MemManage_Handler                      0x08003c24   Section        0  stm32f4xx_it.o(i.MemManage_Handler)
    i.NMI_Handler                            0x08003c26   Section        0  stm32f4xx_it.o(i.NMI_Handler)
    i.PID_INIT                               0x08003c28   Section        0  motors.o(i.PID_INIT)
    i.PendSV_Handler                         0x08003c30   Section        0  stm32f4xx_it.o(i.PendSV_Handler)
    i.READ_POS                               0x08003c34   Section        0  motors.o(i.READ_POS)
    i.SVC_Handler                            0x08003e34   Section        0  stm32f4xx_it.o(i.SVC_Handler)
    i.SysTick_Handler                        0x08003e38   Section        0  stm32f4xx_it.o(i.SysTick_Handler)
    i.SystemClock_Config                     0x08003eb8   Section        0  main.o(i.SystemClock_Config)
    i.SystemInit                             0x08003f4c   Section        0  system_stm32f4xx.o(i.SystemInit)
    i.TIM5_IRQHandler                        0x08003f68   Section        0  stm32f4xx_it.o(i.TIM5_IRQHandler)
    i.TIM_Base_SetConfig                     0x08003f74   Section        0  stm32f4xx_hal_tim.o(i.TIM_Base_SetConfig)
    i.TIM_CCxChannelCmd                      0x0800400c   Section        0  stm32f4xx_hal_tim.o(i.TIM_CCxChannelCmd)
    i.TIM_ETR_SetConfig                      0x08004026   Section        0  stm32f4xx_hal_tim.o(i.TIM_ETR_SetConfig)
    i.TIM_ITRx_SetConfig                     0x0800403a   Section        0  stm32f4xx_hal_tim.o(i.TIM_ITRx_SetConfig)
    TIM_ITRx_SetConfig                       0x0800403b   Thumb Code    16  stm32f4xx_hal_tim.o(i.TIM_ITRx_SetConfig)
    i.TIM_OC1_SetConfig                      0x0800404c   Section        0  stm32f4xx_hal_tim.o(i.TIM_OC1_SetConfig)
    TIM_OC1_SetConfig                        0x0800404d   Thumb Code    74  stm32f4xx_hal_tim.o(i.TIM_OC1_SetConfig)
    i.TIM_OC2_SetConfig                      0x0800409c   Section        0  stm32f4xx_hal_tim.o(i.TIM_OC2_SetConfig)
    i.TIM_OC3_SetConfig                      0x080040f4   Section        0  stm32f4xx_hal_tim.o(i.TIM_OC3_SetConfig)
    TIM_OC3_SetConfig                        0x080040f5   Thumb Code    82  stm32f4xx_hal_tim.o(i.TIM_OC3_SetConfig)
    i.TIM_OC4_SetConfig                      0x0800414c   Section        0  stm32f4xx_hal_tim.o(i.TIM_OC4_SetConfig)
    TIM_OC4_SetConfig                        0x0800414d   Thumb Code    64  stm32f4xx_hal_tim.o(i.TIM_OC4_SetConfig)
    i.TIM_TI1_ConfigInputStage               0x08004190   Section        0  stm32f4xx_hal_tim.o(i.TIM_TI1_ConfigInputStage)
    TIM_TI1_ConfigInputStage                 0x08004191   Thumb Code    34  stm32f4xx_hal_tim.o(i.TIM_TI1_ConfigInputStage)
    i.TIM_TI2_ConfigInputStage               0x080041b2   Section        0  stm32f4xx_hal_tim.o(i.TIM_TI2_ConfigInputStage)
    TIM_TI2_ConfigInputStage                 0x080041b3   Thumb Code    36  stm32f4xx_hal_tim.o(i.TIM_TI2_ConfigInputStage)
    i.UART_DMAAbortOnError                   0x080041d6   Section        0  stm32f4xx_hal_uart.o(i.UART_DMAAbortOnError)
    UART_DMAAbortOnError                     0x080041d7   Thumb Code    16  stm32f4xx_hal_uart.o(i.UART_DMAAbortOnError)
    i.UART_DMAError                          0x080041e6   Section        0  stm32f4xx_hal_uart.o(i.UART_DMAError)
    UART_DMAError                            0x080041e7   Thumb Code    74  stm32f4xx_hal_uart.o(i.UART_DMAError)
    i.UART_DMAReceiveCplt                    0x08004230   Section        0  stm32f4xx_hal_uart.o(i.UART_DMAReceiveCplt)
    UART_DMAReceiveCplt                      0x08004231   Thumb Code    60  stm32f4xx_hal_uart.o(i.UART_DMAReceiveCplt)
    i.UART_DMARxHalfCplt                     0x0800426c   Section        0  stm32f4xx_hal_uart.o(i.UART_DMARxHalfCplt)
    UART_DMARxHalfCplt                       0x0800426d   Thumb Code    10  stm32f4xx_hal_uart.o(i.UART_DMARxHalfCplt)
    i.UART_DMATransmitCplt                   0x08004276   Section        0  stm32f4xx_hal_uart.o(i.UART_DMATransmitCplt)
    UART_DMATransmitCplt                     0x08004277   Thumb Code    46  stm32f4xx_hal_uart.o(i.UART_DMATransmitCplt)
    i.UART_DMATxHalfCplt                     0x080042a4   Section        0  stm32f4xx_hal_uart.o(i.UART_DMATxHalfCplt)
    UART_DMATxHalfCplt                       0x080042a5   Thumb Code    10  stm32f4xx_hal_uart.o(i.UART_DMATxHalfCplt)
    i.UART_EndRxTransfer                     0x080042ae   Section        0  stm32f4xx_hal_uart.o(i.UART_EndRxTransfer)
    UART_EndRxTransfer                       0x080042af   Thumb Code    28  stm32f4xx_hal_uart.o(i.UART_EndRxTransfer)
    i.UART_EndTxTransfer                     0x080042ca   Section        0  stm32f4xx_hal_uart.o(i.UART_EndTxTransfer)
    UART_EndTxTransfer                       0x080042cb   Thumb Code    18  stm32f4xx_hal_uart.o(i.UART_EndTxTransfer)
    i.UART_Receive_IT                        0x080042dc   Section        0  stm32f4xx_hal_uart.o(i.UART_Receive_IT)
    UART_Receive_IT                          0x080042dd   Thumb Code   150  stm32f4xx_hal_uart.o(i.UART_Receive_IT)
    i.UART_SetConfig                         0x08004374   Section        0  stm32f4xx_hal_uart.o(i.UART_SetConfig)
    UART_SetConfig                           0x08004375   Thumb Code   286  stm32f4xx_hal_uart.o(i.UART_SetConfig)
    i.UART_Transmit_IT                       0x0800449c   Section        0  stm32f4xx_hal_uart.o(i.UART_Transmit_IT)
    UART_Transmit_IT                         0x0800449d   Thumb Code    98  stm32f4xx_hal_uart.o(i.UART_Transmit_IT)
    i.USART6_IRQHandler                      0x08004500   Section        0  stm32f4xx_it.o(i.USART6_IRQHandler)
    i.USER_BUTTON_Action                     0x0800450c   Section        0  main.o(i.USER_BUTTON_Action)
    i.UsageFault_Handler                     0x08004520   Section        0  stm32f4xx_it.o(i.UsageFault_Handler)
    i.__0sprintf$6                           0x08004524   Section        0  printf6.o(i.__0sprintf$6)
    i.__ARM_fpclassify                       0x0800454c   Section        0  fpclassify.o(i.__ARM_fpclassify)
    i.__ARM_fpclassifyf                      0x0800457c   Section        0  fpclassifyf.o(i.__ARM_fpclassifyf)
    i.__NVIC_SetPriority                     0x080045a2   Section        0  stm32f4xx_hal_cortex.o(i.__NVIC_SetPriority)
    __NVIC_SetPriority                       0x080045a3   Thumb Code    32  stm32f4xx_hal_cortex.o(i.__NVIC_SetPriority)
    i.__aeabi_errno_addr                     0x080045c4   Section        0  errno.o(i.__aeabi_errno_addr)
    i.__hardfp_atan2f                        0x080045cc   Section        0  atan2f.o(i.__hardfp_atan2f)
    i.__hardfp_cos                           0x08004820   Section        0  cos.o(i.__hardfp_cos)
    i.__hardfp_fmod                          0x080048e8   Section        0  fmod.o(i.__hardfp_fmod)
    i.__hardfp_pow                           0x080049f0   Section        0  pow.o(i.__hardfp_pow)
    i.__hardfp_powf                          0x08005640   Section        0  powf.o(i.__hardfp_powf)
    i.__hardfp_roundf                        0x08005ca4   Section        0  roundf.o(i.__hardfp_roundf)
    i.__hardfp_sin                           0x08005d40   Section        0  sin.o(i.__hardfp_sin)
    i.__hardfp_sqrt                          0x08005e08   Section        0  sqrt.o(i.__hardfp_sqrt)
    i.__ieee754_rem_pio2                     0x08005e88   Section        0  rred.o(i.__ieee754_rem_pio2)
    i.__kernel_cos                           0x080062c0   Section        0  cos_i.o(i.__kernel_cos)
    i.__kernel_poly                          0x08006430   Section        0  poly.o(i.__kernel_poly)
    i.__kernel_sin                           0x08006528   Section        0  sin_i.o(i.__kernel_sin)
    i.__mathlib_dbl_divzero                  0x08006658   Section        0  dunder.o(i.__mathlib_dbl_divzero)
    i.__mathlib_dbl_infnan                   0x08006688   Section        0  dunder.o(i.__mathlib_dbl_infnan)
    i.__mathlib_dbl_infnan2                  0x0800669c   Section        0  dunder.o(i.__mathlib_dbl_infnan2)
    i.__mathlib_dbl_invalid                  0x080066b0   Section        0  dunder.o(i.__mathlib_dbl_invalid)
    i.__mathlib_dbl_overflow                 0x080066d0   Section        0  dunder.o(i.__mathlib_dbl_overflow)
    i.__mathlib_dbl_underflow                0x080066f0   Section        0  dunder.o(i.__mathlib_dbl_underflow)
    i.__mathlib_flt_divzero                  0x08006710   Section        0  funder.o(i.__mathlib_flt_divzero)
    i.__mathlib_flt_infnan2                  0x08006724   Section        0  funder.o(i.__mathlib_flt_infnan2)
    i.__mathlib_flt_invalid                  0x0800672c   Section        0  funder.o(i.__mathlib_flt_invalid)
    i.__mathlib_flt_overflow                 0x0800673c   Section        0  funder.o(i.__mathlib_flt_overflow)
    i.__mathlib_flt_underflow                0x0800674c   Section        0  funder.o(i.__mathlib_flt_underflow)
    i.__scatterload_copy                     0x0800675c   Section       14  handlers.o(i.__scatterload_copy)
    i.__scatterload_null                     0x0800676a   Section        2  handlers.o(i.__scatterload_null)
    i.__scatterload_zeroinit                 0x0800676c   Section       14  handlers.o(i.__scatterload_zeroinit)
    i.__set_errno                            0x0800677c   Section        0  errno.o(i.__set_errno)
    i._printf_core                           0x08006788   Section        0  printf6.o(i._printf_core)
    _printf_core                             0x08006789   Thumb Code   748  printf6.o(i._printf_core)
    i._printf_post_padding                   0x08006a78   Section        0  printf6.o(i._printf_post_padding)
    _printf_post_padding                     0x08006a79   Thumb Code    36  printf6.o(i._printf_post_padding)
    i._printf_pre_padding                    0x08006a9c   Section        0  printf6.o(i._printf_pre_padding)
    _printf_pre_padding                      0x08006a9d   Thumb Code    46  printf6.o(i._printf_pre_padding)
    i._sputc                                 0x08006aca   Section        0  printf6.o(i._sputc)
    _sputc                                   0x08006acb   Thumb Code    10  printf6.o(i._sputc)
    i.fabs                                   0x08006ad4   Section        0  fabs.o(i.fabs)
    i.main                                   0x08006aec   Section        0  main.o(i.main)
    i.sqrt                                   0x08006c2c   Section        0  sqrt.o(i.sqrt)
    .constdata                               0x08006c9a   Section        8  stm32f4xx_hal_dma.o(.constdata)
    flagBitshiftOffset                       0x08006c9a   Data           8  stm32f4xx_hal_dma.o(.constdata)
    .constdata                               0x08006ca2   Section       16  system_stm32f4xx.o(.constdata)
    .constdata                               0x08006cb2   Section        8  system_stm32f4xx.o(.constdata)
    .constdata                               0x08006cc0   Section      136  pow.o(.constdata)
    bp                                       0x08006cc0   Data          16  pow.o(.constdata)
    dp_h                                     0x08006cd0   Data          16  pow.o(.constdata)
    dp_l                                     0x08006ce0   Data          16  pow.o(.constdata)
    L                                        0x08006cf0   Data          48  pow.o(.constdata)
    P                                        0x08006d20   Data          40  pow.o(.constdata)
    .constdata                               0x08006d48   Section      320  powf.o(.constdata)
    table                                    0x08006d48   Data         128  powf.o(.constdata)
    powersof2to1over16top                    0x08006dc8   Data          64  powf.o(.constdata)
    powersof2to1over16bot                    0x08006e08   Data          64  powf.o(.constdata)
    powersof2to1over16all                    0x08006e48   Data          64  powf.o(.constdata)
    .constdata                               0x08006e88   Section       48  cos_i.o(.constdata)
    C                                        0x08006e88   Data          48  cos_i.o(.constdata)
    .constdata                               0x08006eb8   Section        8  qnan.o(.constdata)
    .constdata                               0x08006ec0   Section      200  rred.o(.constdata)
    pio2s                                    0x08006ec0   Data          48  rred.o(.constdata)
    twooverpi                                0x08006ef0   Data         152  rred.o(.constdata)
    .constdata                               0x08006f88   Section       40  sin_i.o(.constdata)
    S                                        0x08006f88   Data          40  sin_i.o(.constdata)
    .constdata                               0x08006fb0   Section      129  ctype_o.o(.constdata)
    .constdata                               0x08007034   Section        4  ctype_o.o(.constdata)
    table                                    0x08007034   Data           4  ctype_o.o(.constdata)
    .data                                    0x20000000   Section       40  motors.o(.data)
    prev_distance_to_travel                  0x20000018   Data           4  motors.o(.data)
    out                                      0x2000001c   Data           4  motors.o(.data)
    prev_ang_to_achieve                      0x20000020   Data           4  motors.o(.data)
    out_ang                                  0x20000024   Data           4  motors.o(.data)
    .data                                    0x20000028   Section       16  sensors.o(.data)
    .data                                    0x20000038   Section        8  sensors.o(.data)
    .data                                    0x20000040   Section        8  sensors.o(.data)
    .data                                    0x20000048   Section        8  sensors.o(.data)
    .data                                    0x20000050   Section        6  main.o(.data)
    .data                                    0x20000056   Section        1  stm32f4xx_it.o(.data)
    .data                                    0x20000058   Section       70  uart.o(.data)
    next_point                               0x20000058   Data           1  uart.o(.data)
    tmp                                      0x20000059   Data           3  uart.o(.data)
    x                                        0x2000005c   Data           4  uart.o(.data)
    tmp                                      0x20000060   Data           4  uart.o(.data)
    y                                        0x20000064   Data           4  uart.o(.data)
    tmp                                      0x20000068   Data           4  uart.o(.data)
    ang                                      0x2000006c   Data           4  uart.o(.data)
    ang                                      0x20000070   Data           4  uart.o(.data)
    tmp                                      0x20000074   Data           4  uart.o(.data)
    x1                                       0x20000078   Data           4  uart.o(.data)
    y1                                       0x2000007c   Data           4  uart.o(.data)
    x2                                       0x20000080   Data           4  uart.o(.data)
    y2                                       0x20000084   Data           4  uart.o(.data)
    ang                                      0x20000088   Data           4  uart.o(.data)
    .data                                    0x200000a0   Section       12  stm32f4xx_hal.o(.data)
    .data                                    0x200000ac   Section        4  system_stm32f4xx.o(.data)
    .data                                    0x200000b0   Section        4  errno.o(.data)
    _errno                                   0x200000b0   Data           4  errno.o(.data)
    .bss                                     0x200000b4   Section       64  motors.o(.bss)
    .bss                                     0x200000f4   Section       64  motors.o(.bss)
    .bss                                     0x20000134   Section       48  motors.o(.bss)
    .bss                                     0x20000164   Section       48  sensors.o(.bss)
    .bss                                     0x20000194   Section      456  main.o(.bss)
    .bss                                     0x2000035c   Section       96  main.o(.bss)
    .bss                                     0x200003bc   Section       96  main.o(.bss)
    .bss                                     0x2000041c   Section       96  main.o(.bss)
    .bss                                     0x2000047c   Section       56  uart.o(.bss)
    Data                                     0x2000047c   Data          40  uart.o(.bss)
    Data_transmit                            0x200004a4   Data          16  uart.o(.bss)
    STACK                                    0x200004b8   Section     1024  startup_stm32f401xc.o(STACK)

    Global Symbols

    Symbol Name                              Value     Ov Type        Size  Object(Section)

    BuildAttributes$$THM_ISAv4$E$P$D$K$B$S$7EM$VFPi3$EXTD16$VFPS$VFMA$PE$A:L22UL41UL21$X:L11$S22US41US21$IEEE1$IW$USESV6$~STKCKD$USESV7$~SHL$OTIME$ROPI$IEEEX$EBA8$MICROLIB$REQ8$PRES8$EABIv2 0x00000000   Number         0  anon$$obj.o ABSOLUTE
    __ARM_use_no_argv                        0x00000000   Number         0  main.o ABSOLUTE
    _printf_a                                0x00000000   Number         0  stubs.o ABSOLUTE
    _printf_c                                0x00000000   Number         0  stubs.o ABSOLUTE
    _printf_charcount                        0x00000000   Number         0  stubs.o ABSOLUTE
    _printf_d                                0x00000000   Number         0  stubs.o ABSOLUTE
    _printf_e                                0x00000000   Number         0  stubs.o ABSOLUTE
    _printf_f                                0x00000000   Number         0  stubs.o ABSOLUTE
    _printf_flags                            0x00000000   Number         0  stubs.o ABSOLUTE
    _printf_fp_dec                           0x00000000   Number         0  stubs.o ABSOLUTE
    _printf_fp_hex                           0x00000000   Number         0  stubs.o ABSOLUTE
    _printf_g                                0x00000000   Number         0  stubs.o ABSOLUTE
    _printf_i                                0x00000000   Number         0  stubs.o ABSOLUTE
    _printf_int_dec                          0x00000000   Number         0  stubs.o ABSOLUTE
    _printf_l                                0x00000000   Number         0  stubs.o ABSOLUTE
    _printf_lc                               0x00000000   Number         0  stubs.o ABSOLUTE
    _printf_ll                               0x00000000   Number         0  stubs.o ABSOLUTE
    _printf_lld                              0x00000000   Number         0  stubs.o ABSOLUTE
    _printf_lli                              0x00000000   Number         0  stubs.o ABSOLUTE
    _printf_llo                              0x00000000   Number         0  stubs.o ABSOLUTE
    _printf_llu                              0x00000000   Number         0  stubs.o ABSOLUTE
    _printf_llx                              0x00000000   Number         0  stubs.o ABSOLUTE
    _printf_longlong_dec                     0x00000000   Number         0  stubs.o ABSOLUTE
    _printf_longlong_hex                     0x00000000   Number         0  stubs.o ABSOLUTE
    _printf_longlong_oct                     0x00000000   Number         0  stubs.o ABSOLUTE
    _printf_ls                               0x00000000   Number         0  stubs.o ABSOLUTE
    _printf_mbtowc                           0x00000000   Number         0  stubs.o ABSOLUTE
    _printf_n                                0x00000000   Number         0  stubs.o ABSOLUTE
    _printf_o                                0x00000000   Number         0  stubs.o ABSOLUTE
    _printf_p                                0x00000000   Number         0  stubs.o ABSOLUTE
    _printf_percent                          0x00000000   Number         0  stubs.o ABSOLUTE
    _printf_pre_padding                      0x00000000   Number         0  stubs.o ABSOLUTE
    _printf_return_value                     0x00000000   Number         0  stubs.o ABSOLUTE
    _printf_s                                0x00000000   Number         0  stubs.o ABSOLUTE
    _printf_sizespec                         0x00000000   Number         0  stubs.o ABSOLUTE
    _printf_str                              0x00000000   Number         0  stubs.o ABSOLUTE
    _printf_truncate_signed                  0x00000000   Number         0  stubs.o ABSOLUTE
    _printf_truncate_unsigned                0x00000000   Number         0  stubs.o ABSOLUTE
    _printf_u                                0x00000000   Number         0  stubs.o ABSOLUTE
    _printf_wc                               0x00000000   Number         0  stubs.o ABSOLUTE
    _printf_wctomb                           0x00000000   Number         0  stubs.o ABSOLUTE
    _printf_widthprec                        0x00000000   Number         0  stubs.o ABSOLUTE
    _printf_x                                0x00000000   Number         0  stubs.o ABSOLUTE
    __cpp_initialize__aeabi_                  - Undefined Weak Reference
    __cxa_finalize                            - Undefined Weak Reference
    __decompress                              - Undefined Weak Reference
    _clock_init                               - Undefined Weak Reference
    _microlib_exit                            - Undefined Weak Reference
    __Vectors_Size                           0x00000194   Number         0  startup_stm32f401xc.o ABSOLUTE
    __Vectors                                0x08000000   Data           4  startup_stm32f401xc.o(RESET)
    __Vectors_End                            0x08000194   Data           0  startup_stm32f401xc.o(RESET)
    __main                                   0x08000195   Thumb Code     0  entry.o(.ARM.Collect$$$$00000000)
    _main_stk                                0x08000195   Thumb Code     0  entry2.o(.ARM.Collect$$$$00000001)
    _main_scatterload                        0x08000199   Thumb Code     0  entry5.o(.ARM.Collect$$$$00000004)
    __main_after_scatterload                 0x0800019d   Thumb Code     0  entry5.o(.ARM.Collect$$$$00000004)
    _main_clock                              0x0800019d   Thumb Code     0  entry7b.o(.ARM.Collect$$$$00000008)
    _main_cpp_init                           0x0800019d   Thumb Code     0  entry8b.o(.ARM.Collect$$$$0000000A)
    _main_init                               0x0800019d   Thumb Code     0  entry9a.o(.ARM.Collect$$$$0000000B)
    __rt_final_cpp                           0x080001a5   Thumb Code     0  entry10a.o(.ARM.Collect$$$$0000000D)
    __rt_final_exit                          0x080001a5   Thumb Code     0  entry11a.o(.ARM.Collect$$$$0000000F)
    Reset_Handler                            0x080001a9   Thumb Code     8  startup_stm32f401xc.o(.text)
    DMA1_Stream0_IRQHandler                  0x080001c3   Thumb Code     0  startup_stm32f401xc.o(.text)
    DMA1_Stream1_IRQHandler                  0x080001c3   Thumb Code     0  startup_stm32f401xc.o(.text)
    DMA1_Stream2_IRQHandler                  0x080001c3   Thumb Code     0  startup_stm32f401xc.o(.text)
    DMA1_Stream3_IRQHandler                  0x080001c3   Thumb Code     0  startup_stm32f401xc.o(.text)
    DMA1_Stream4_IRQHandler                  0x080001c3   Thumb Code     0  startup_stm32f401xc.o(.text)
    DMA1_Stream5_IRQHandler                  0x080001c3   Thumb Code     0  startup_stm32f401xc.o(.text)
    DMA1_Stream6_IRQHandler                  0x080001c3   Thumb Code     0  startup_stm32f401xc.o(.text)
    DMA1_Stream7_IRQHandler                  0x080001c3   Thumb Code     0  startup_stm32f401xc.o(.text)
    DMA2_Stream2_IRQHandler                  0x080001c3   Thumb Code     0  startup_stm32f401xc.o(.text)
    DMA2_Stream3_IRQHandler                  0x080001c3   Thumb Code     0  startup_stm32f401xc.o(.text)
    DMA2_Stream4_IRQHandler                  0x080001c3   Thumb Code     0  startup_stm32f401xc.o(.text)
    DMA2_Stream5_IRQHandler                  0x080001c3   Thumb Code     0  startup_stm32f401xc.o(.text)
    DMA2_Stream7_IRQHandler                  0x080001c3   Thumb Code     0  startup_stm32f401xc.o(.text)
    EXTI15_10_IRQHandler                     0x080001c3   Thumb Code     0  startup_stm32f401xc.o(.text)
    EXTI2_IRQHandler                         0x080001c3   Thumb Code     0  startup_stm32f401xc.o(.text)
    EXTI3_IRQHandler                         0x080001c3   Thumb Code     0  startup_stm32f401xc.o(.text)
    EXTI4_IRQHandler                         0x080001c3   Thumb Code     0  startup_stm32f401xc.o(.text)
    EXTI9_5_IRQHandler                       0x080001c3   Thumb Code     0  startup_stm32f401xc.o(.text)
    FLASH_IRQHandler                         0x080001c3   Thumb Code     0  startup_stm32f401xc.o(.text)
    FPU_IRQHandler                           0x080001c3   Thumb Code     0  startup_stm32f401xc.o(.text)
    I2C1_ER_IRQHandler                       0x080001c3   Thumb Code     0  startup_stm32f401xc.o(.text)
    I2C1_EV_IRQHandler                       0x080001c3   Thumb Code     0  startup_stm32f401xc.o(.text)
    I2C2_ER_IRQHandler                       0x080001c3   Thumb Code     0  startup_stm32f401xc.o(.text)
    I2C2_EV_IRQHandler                       0x080001c3   Thumb Code     0  startup_stm32f401xc.o(.text)
    I2C3_ER_IRQHandler                       0x080001c3   Thumb Code     0  startup_stm32f401xc.o(.text)
    I2C3_EV_IRQHandler                       0x080001c3   Thumb Code     0  startup_stm32f401xc.o(.text)
    OTG_FS_IRQHandler                        0x080001c3   Thumb Code     0  startup_stm32f401xc.o(.text)
    OTG_FS_WKUP_IRQHandler                   0x080001c3   Thumb Code     0  startup_stm32f401xc.o(.text)
    PVD_IRQHandler                           0x080001c3   Thumb Code     0  startup_stm32f401xc.o(.text)
    RCC_IRQHandler                           0x080001c3   Thumb Code     0  startup_stm32f401xc.o(.text)
    RTC_Alarm_IRQHandler                     0x080001c3   Thumb Code     0  startup_stm32f401xc.o(.text)
    RTC_WKUP_IRQHandler                      0x080001c3   Thumb Code     0  startup_stm32f401xc.o(.text)
    SDIO_IRQHandler                          0x080001c3   Thumb Code     0  startup_stm32f401xc.o(.text)
    SPI1_IRQHandler                          0x080001c3   Thumb Code     0  startup_stm32f401xc.o(.text)
    SPI2_IRQHandler                          0x080001c3   Thumb Code     0  startup_stm32f401xc.o(.text)
    SPI3_IRQHandler                          0x080001c3   Thumb Code     0  startup_stm32f401xc.o(.text)
    SPI4_IRQHandler                          0x080001c3   Thumb Code     0  startup_stm32f401xc.o(.text)
    TAMP_STAMP_IRQHandler                    0x080001c3   Thumb Code     0  startup_stm32f401xc.o(.text)
    TIM1_BRK_TIM9_IRQHandler                 0x080001c3   Thumb Code     0  startup_stm32f401xc.o(.text)
    TIM1_CC_IRQHandler                       0x080001c3   Thumb Code     0  startup_stm32f401xc.o(.text)
    TIM1_TRG_COM_TIM11_IRQHandler            0x080001c3   Thumb Code     0  startup_stm32f401xc.o(.text)
    TIM1_UP_TIM10_IRQHandler                 0x080001c3   Thumb Code     0  startup_stm32f401xc.o(.text)
    TIM2_IRQHandler                          0x080001c3   Thumb Code     0  startup_stm32f401xc.o(.text)
    TIM3_IRQHandler                          0x080001c3   Thumb Code     0  startup_stm32f401xc.o(.text)
    TIM4_IRQHandler                          0x080001c3   Thumb Code     0  startup_stm32f401xc.o(.text)
    USART1_IRQHandler                        0x080001c3   Thumb Code     0  startup_stm32f401xc.o(.text)
    USART2_IRQHandler                        0x080001c3   Thumb Code     0  startup_stm32f401xc.o(.text)
    WWDG_IRQHandler                          0x080001c3   Thumb Code     0  startup_stm32f401xc.o(.text)
    __aeabi_uldivmod                         0x080001cd   Thumb Code    98  uldiv.o(.text)
    __aeabi_memset                           0x0800022f   Thumb Code    14  memseta.o(.text)
    __aeabi_memset4                          0x0800022f   Thumb Code     0  memseta.o(.text)
    __aeabi_memset8                          0x0800022f   Thumb Code     0  memseta.o(.text)
    __aeabi_memclr                           0x0800023d   Thumb Code     4  memseta.o(.text)
    __aeabi_memclr4                          0x0800023d   Thumb Code     0  memseta.o(.text)
    __aeabi_memclr8                          0x0800023d   Thumb Code     0  memseta.o(.text)
    _memset$wrapper                          0x08000241   Thumb Code    18  memseta.o(.text)
    atoi                                     0x08000253   Thumb Code    26  atoi.o(.text)
    __aeabi_dadd                             0x0800026d   Thumb Code   322  dadd.o(.text)
    __aeabi_dsub                             0x080003af   Thumb Code     6  dadd.o(.text)
    __aeabi_drsub                            0x080003b5   Thumb Code     6  dadd.o(.text)
    __aeabi_dmul                             0x080003bb   Thumb Code   228  dmul.o(.text)
    __aeabi_f2d                              0x0800049f   Thumb Code    38  f2d.o(.text)
    __aeabi_d2f                              0x080004c5   Thumb Code    56  d2f.o(.text)
    __aeabi_uidiv                            0x080004fd   Thumb Code     0  uidiv.o(.text)
    __aeabi_uidivmod                         0x080004fd   Thumb Code    44  uidiv.o(.text)
    __aeabi_llsl                             0x08000529   Thumb Code    30  llshl.o(.text)
    _ll_shift_l                              0x08000529   Thumb Code     0  llshl.o(.text)
    __aeabi_llsr                             0x08000547   Thumb Code    32  llushr.o(.text)
    _ll_ushift_r                             0x08000547   Thumb Code     0  llushr.o(.text)
    __aeabi_lasr                             0x08000567   Thumb Code    36  llsshr.o(.text)
    _ll_sshift_r                             0x08000567   Thumb Code     0  llsshr.o(.text)
    strtol                                   0x0800058b   Thumb Code   112  strtol.o(.text)
    __I$use$fp                               0x080005fb   Thumb Code     0  iusefp.o(.text)
    _float_round                             0x080005fb   Thumb Code    18  fepilogue.o(.text)
    _float_epilogue                          0x0800060d   Thumb Code    92  fepilogue.o(.text)
    _frnd                                    0x08000669   Thumb Code    60  frnd.o(.text)
    _double_round                            0x080006a5   Thumb Code    30  depilogue.o(.text)
    _double_epilogue                         0x080006c3   Thumb Code   156  depilogue.o(.text)
    __aeabi_ddiv                             0x0800075f   Thumb Code   222  ddiv.o(.text)
    __ARM_scalbn                             0x0800083d   Thumb Code    46  dscalb.o(.text)
    scalbn                                   0x0800083d   Thumb Code     0  dscalb.o(.text)
    _dsqrt                                   0x0800086b   Thumb Code   162  dsqrt.o(.text)
    _drem                                    0x0800090d   Thumb Code   134  drem.o(.text)
    __aeabi_i2d                              0x08000993   Thumb Code    34  dflti.o(.text)
    __aeabi_cdrcmple                         0x080009b5   Thumb Code    48  cdrcmple.o(.text)
    __fp_status                              0x080009e5   Thumb Code     4  fpstat.o(.text)
    __ieee_status                            0x080009e5   Thumb Code     0  fpstat.o(.text)
    __scatterload                            0x080009e9   Thumb Code    28  init.o(.text)
    __scatterload_rt2                        0x080009e9   Thumb Code     0  init.o(.text)
    __rt_ctype_table                         0x08000a0d   Thumb Code     4  ctype_o.o(.text)
    _strtoul                                 0x08000a15   Thumb Code   158  _strtoul.o(.text)
    __aeabi_ui2d                             0x08000ab3   Thumb Code    26  dfltui.o(.text)
    __aeabi_d2iz                             0x08000acd   Thumb Code    62  dfixi.o(.text)
    _chval                                   0x08000b0b   Thumb Code    28  _chval.o(.text)
    ADC_IRQHandler                           0x08000bb5   Thumb Code     6  stm32f4xx_it.o(i.ADC_IRQHandler)
    BusFault_Handler                         0x08000ce9   Thumb Code     2  stm32f4xx_it.o(i.BusFault_Handler)
    CALCULATE_TO_DISTANCE_MM                 0x08000ced   Thumb Code   786  sensors.o(i.CALCULATE_TO_DISTANCE_MM)
    DATA_LOGGER_POS                          0x080010c1   Thumb Code    88  uart.o(i.DATA_LOGGER_POS)
    DMA2_Stream0_IRQHandler                  0x0800113d   Thumb Code     6  stm32f4xx_it.o(i.DMA2_Stream0_IRQHandler)
    DMA2_Stream1_IRQHandler                  0x08001149   Thumb Code     6  stm32f4xx_it.o(i.DMA2_Stream1_IRQHandler)
    DMA2_Stream6_IRQHandler                  0x08001155   Thumb Code     6  stm32f4xx_it.o(i.DMA2_Stream6_IRQHandler)
    DebugMon_Handler                         0x08001205   Thumb Code     2  stm32f4xx_it.o(i.DebugMon_Handler)
    EXTI0_IRQHandler                         0x08001207   Thumb Code     6  stm32f4xx_it.o(i.EXTI0_IRQHandler)
    EXTI1_IRQHandler                         0x0800120d   Thumb Code     6  stm32f4xx_it.o(i.EXTI1_IRQHandler)
    Error_Handler                            0x08001213   Thumb Code     4  main.o(i.Error_Handler)
    HAL_ADCEx_InjectedConvCpltCallback       0x08001217   Thumb Code     2  stm32f4xx_hal_adc_ex.o(i.HAL_ADCEx_InjectedConvCpltCallback)
    HAL_ADC_ConfigChannel                    0x08001219   Thumb Code   316  stm32f4xx_hal_adc.o(i.HAL_ADC_ConfigChannel)
    HAL_ADC_ConvCpltCallback                 0x08001365   Thumb Code   158  sensors.o(i.HAL_ADC_ConvCpltCallback)
    HAL_ADC_ConvHalfCpltCallback             0x08001415   Thumb Code     2  stm32f4xx_hal_adc.o(i.HAL_ADC_ConvHalfCpltCallback)
    HAL_ADC_ErrorCallback                    0x08001417   Thumb Code     2  stm32f4xx_hal_adc.o(i.HAL_ADC_ErrorCallback)
    HAL_ADC_IRQHandler                       0x08001419   Thumb Code   316  stm32f4xx_hal_adc.o(i.HAL_ADC_IRQHandler)
    HAL_ADC_Init                             0x08001555   Thumb Code    84  stm32f4xx_hal_adc.o(i.HAL_ADC_Init)
    HAL_ADC_LevelOutOfWindowCallback         0x080015a9   Thumb Code     2  stm32f4xx_hal_adc.o(i.HAL_ADC_LevelOutOfWindowCallback)
    HAL_ADC_MspInit                          0x080015ad   Thumb Code   148  stm32f4xx_hal_msp.o(i.HAL_ADC_MspInit)
    HAL_ADC_Start_DMA                        0x08001655   Thumb Code   228  stm32f4xx_hal_adc.o(i.HAL_ADC_Start_DMA)
    HAL_DMA_Abort_IT                         0x08001755   Thumb Code    36  stm32f4xx_hal_dma.o(i.HAL_DMA_Abort_IT)
    HAL_DMA_IRQHandler                       0x08001779   Thumb Code   412  stm32f4xx_hal_dma.o(i.HAL_DMA_IRQHandler)
    HAL_DMA_Init                             0x08001919   Thumb Code   206  stm32f4xx_hal_dma.o(i.HAL_DMA_Init)
    HAL_DMA_Start_IT                         0x080019ed   Thumb Code   110  stm32f4xx_hal_dma.o(i.HAL_DMA_Start_IT)
    HAL_GPIO_EXTI_Callback                   0x08001a5d   Thumb Code    28  main.o(i.HAL_GPIO_EXTI_Callback)
    HAL_GPIO_EXTI_IRQHandler                 0x08001a7d   Thumb Code    18  stm32f4xx_hal_gpio.o(i.HAL_GPIO_EXTI_IRQHandler)
    HAL_GPIO_Init                            0x08001a95   Thumb Code   370  stm32f4xx_hal_gpio.o(i.HAL_GPIO_Init)
    HAL_GPIO_ReadPin                         0x08001c29   Thumb Code    10  stm32f4xx_hal_gpio.o(i.HAL_GPIO_ReadPin)
    HAL_GPIO_WritePin                        0x08001c33   Thumb Code    10  stm32f4xx_hal_gpio.o(i.HAL_GPIO_WritePin)
    HAL_GetTick                              0x08001c3d   Thumb Code     6  stm32f4xx_hal.o(i.HAL_GetTick)
    HAL_IncTick                              0x08001c49   Thumb Code    12  stm32f4xx_hal.o(i.HAL_IncTick)
    HAL_Init                                 0x08001c59   Thumb Code    48  stm32f4xx_hal.o(i.HAL_Init)
    HAL_InitTick                             0x08001c8d   Thumb Code    54  stm32f4xx_hal.o(i.HAL_InitTick)
    HAL_MspInit                              0x08001ccd   Thumb Code    42  stm32f4xx_hal_msp.o(i.HAL_MspInit)
    HAL_NVIC_EnableIRQ                       0x08001cfd   Thumb Code    26  stm32f4xx_hal_cortex.o(i.HAL_NVIC_EnableIRQ)
    HAL_NVIC_SetPriority                     0x08001d19   Thumb Code    60  stm32f4xx_hal_cortex.o(i.HAL_NVIC_SetPriority)
    HAL_NVIC_SetPriorityGrouping             0x08001d59   Thumb Code    26  stm32f4xx_hal_cortex.o(i.HAL_NVIC_SetPriorityGrouping)
    HAL_RCC_ClockConfig                      0x08001d7d   Thumb Code   288  stm32f4xx_hal_rcc.o(i.HAL_RCC_ClockConfig)
    HAL_RCC_GetPCLK1Freq                     0x08001eb1   Thumb Code    20  stm32f4xx_hal_rcc.o(i.HAL_RCC_GetPCLK1Freq)
    HAL_RCC_GetPCLK2Freq                     0x08001ed1   Thumb Code    20  stm32f4xx_hal_rcc.o(i.HAL_RCC_GetPCLK2Freq)
    HAL_RCC_GetSysClockFreq                  0x08001ef1   Thumb Code    88  stm32f4xx_hal_rcc.o(i.HAL_RCC_GetSysClockFreq)
    HAL_RCC_OscConfig                        0x08001f55   Thumb Code   840  stm32f4xx_hal_rcc.o(i.HAL_RCC_OscConfig)
    HAL_SYSTICK_Config                       0x080022b1   Thumb Code    40  stm32f4xx_hal_cortex.o(i.HAL_SYSTICK_Config)
    HAL_TIMEx_BreakCallback                  0x080022d9   Thumb Code     2  stm32f4xx_hal_tim_ex.o(i.HAL_TIMEx_BreakCallback)
    HAL_TIMEx_CommutCallback                 0x080022db   Thumb Code     2  stm32f4xx_hal_tim_ex.o(i.HAL_TIMEx_CommutCallback)
    HAL_TIMEx_ConfigBreakDeadTime            0x080022dd   Thumb Code    84  stm32f4xx_hal_tim_ex.o(i.HAL_TIMEx_ConfigBreakDeadTime)
    HAL_TIMEx_MasterConfigSynchronization    0x08002331   Thumb Code   104  stm32f4xx_hal_tim_ex.o(i.HAL_TIMEx_MasterConfigSynchronization)
    HAL_TIM_Base_Init                        0x080023ad   Thumb Code    54  stm32f4xx_hal_tim.o(i.HAL_TIM_Base_Init)
    HAL_TIM_Base_MspInit                     0x080023e5   Thumb Code    84  stm32f4xx_hal_msp.o(i.HAL_TIM_Base_MspInit)
    HAL_TIM_Base_Start_IT                    0x08002445   Thumb Code    34  stm32f4xx_hal_tim.o(i.HAL_TIM_Base_Start_IT)
    HAL_TIM_ConfigClockSource                0x08002467   Thumb Code   214  stm32f4xx_hal_tim.o(i.HAL_TIM_ConfigClockSource)
    HAL_TIM_Encoder_Init                     0x0800253d   Thumb Code   152  stm32f4xx_hal_tim.o(i.HAL_TIM_Encoder_Init)
    HAL_TIM_Encoder_MspInit                  0x080025d5   Thumb Code   142  stm32f4xx_hal_msp.o(i.HAL_TIM_Encoder_MspInit)
    HAL_TIM_Encoder_Start                    0x08002679   Thumb Code    52  stm32f4xx_hal_tim.o(i.HAL_TIM_Encoder_Start)
    HAL_TIM_IC_CaptureCallback               0x080026ad   Thumb Code     2  stm32f4xx_hal_tim.o(i.HAL_TIM_IC_CaptureCallback)
    HAL_TIM_IRQHandler                       0x080026af   Thumb Code   358  stm32f4xx_hal_tim.o(i.HAL_TIM_IRQHandler)
    HAL_TIM_MspPostInit                      0x08002815   Thumb Code   110  stm32f4xx_hal_msp.o(i.HAL_TIM_MspPostInit)
    HAL_TIM_OC_DelayElapsedCallback          0x08002895   Thumb Code     2  stm32f4xx_hal_tim.o(i.HAL_TIM_OC_DelayElapsedCallback)
    HAL_TIM_PWM_ConfigChannel                0x08002897   Thumb Code   208  stm32f4xx_hal_tim.o(i.HAL_TIM_PWM_ConfigChannel)
    HAL_TIM_PWM_Init                         0x08002967   Thumb Code    54  stm32f4xx_hal_tim.o(i.HAL_TIM_PWM_Init)
    HAL_TIM_PWM_MspInit                      0x0800299d   Thumb Code     2  stm32f4xx_hal_tim.o(i.HAL_TIM_PWM_MspInit)
    HAL_TIM_PWM_PulseFinishedCallback        0x0800299f   Thumb Code     2  stm32f4xx_hal_tim.o(i.HAL_TIM_PWM_PulseFinishedCallback)
    HAL_TIM_PWM_Start                        0x080029a1   Thumb Code    52  stm32f4xx_hal_tim.o(i.HAL_TIM_PWM_Start)
    HAL_TIM_PeriodElapsedCallback            0x080029d9   Thumb Code    48  main.o(i.HAL_TIM_PeriodElapsedCallback)
    HAL_TIM_TriggerCallback                  0x08002a0d   Thumb Code     2  stm32f4xx_hal_tim.o(i.HAL_TIM_TriggerCallback)
    HAL_UART_ErrorCallback                   0x08002a0f   Thumb Code     2  stm32f4xx_hal_uart.o(i.HAL_UART_ErrorCallback)
    HAL_UART_IRQHandler                      0x08002a11   Thumb Code   270  stm32f4xx_hal_uart.o(i.HAL_UART_IRQHandler)
    HAL_UART_Init                            0x08002b25   Thumb Code    98  stm32f4xx_hal_uart.o(i.HAL_UART_Init)
    HAL_UART_MspInit                         0x08002b89   Thumb Code   204  stm32f4xx_hal_msp.o(i.HAL_UART_MspInit)
    HAL_UART_Receive_DMA                     0x08002c6d   Thumb Code   138  stm32f4xx_hal_uart.o(i.HAL_UART_Receive_DMA)
    HAL_UART_RxCpltCallback                  0x08002d05   Thumb Code   810  uart.o(i.HAL_UART_RxCpltCallback)
    HAL_UART_RxHalfCpltCallback              0x080030b1   Thumb Code     2  stm32f4xx_hal_uart.o(i.HAL_UART_RxHalfCpltCallback)
    HAL_UART_Transmit_DMA                    0x080030b5   Thumb Code   114  stm32f4xx_hal_uart.o(i.HAL_UART_Transmit_DMA)
    HAL_UART_TxCpltCallback                  0x08003135   Thumb Code     2  stm32f4xx_hal_uart.o(i.HAL_UART_TxCpltCallback)
    HAL_UART_TxHalfCpltCallback              0x08003137   Thumb Code     2  stm32f4xx_hal_uart.o(i.HAL_UART_TxHalfCpltCallback)
    HardFault_Handler                        0x08003139   Thumb Code     2  stm32f4xx_it.o(i.HardFault_Handler)
    MOT_LEFT_GET_SPEED                       0x0800313d   Thumb Code    78  motors.o(i.MOT_LEFT_GET_SPEED)
    MOT_LEFT_REGULATOR                       0x0800319d   Thumb Code   160  motors.o(i.MOT_LEFT_REGULATOR)
    MOT_RIGHT_GET_SPEED                      0x080032fd   Thumb Code    78  motors.o(i.MOT_RIGHT_GET_SPEED)
    MOT_RIGHT_REGULATOR                      0x0800335d   Thumb Code   160  motors.o(i.MOT_RIGHT_REGULATOR)
    MOUSE_INIT                               0x080034bd   Thumb Code    88  motors.o(i.MOUSE_INIT)
    MOUSE_MAIN                               0x08003525   Thumb Code   132  motors.o(i.MOUSE_MAIN)
    MOVE                                     0x080035b1   Thumb Code   524  motors.o(i.MOVE)
    MemManage_Handler                        0x08003c25   Thumb Code     2  stm32f4xx_it.o(i.MemManage_Handler)
    NMI_Handler                              0x08003c27   Thumb Code     2  stm32f4xx_it.o(i.NMI_Handler)
    PID_INIT                                 0x08003c29   Thumb Code     8  motors.o(i.PID_INIT)
    PendSV_Handler                           0x08003c31   Thumb Code     2  stm32f4xx_it.o(i.PendSV_Handler)
    READ_POS                                 0x08003c35   Thumb Code   452  motors.o(i.READ_POS)
    SVC_Handler                              0x08003e35   Thumb Code     2  stm32f4xx_it.o(i.SVC_Handler)
    SysTick_Handler                          0x08003e39   Thumb Code   108  stm32f4xx_it.o(i.SysTick_Handler)
    SystemClock_Config                       0x08003eb9   Thumb Code   138  main.o(i.SystemClock_Config)
    SystemInit                               0x08003f4d   Thumb Code    22  system_stm32f4xx.o(i.SystemInit)
    TIM5_IRQHandler                          0x08003f69   Thumb Code     6  stm32f4xx_it.o(i.TIM5_IRQHandler)
    TIM_Base_SetConfig                       0x08003f75   Thumb Code   122  stm32f4xx_hal_tim.o(i.TIM_Base_SetConfig)
    TIM_CCxChannelCmd                        0x0800400d   Thumb Code    26  stm32f4xx_hal_tim.o(i.TIM_CCxChannelCmd)
    TIM_ETR_SetConfig                        0x08004027   Thumb Code    20  stm32f4xx_hal_tim.o(i.TIM_ETR_SetConfig)
    TIM_OC2_SetConfig                        0x0800409d   Thumb Code    84  stm32f4xx_hal_tim.o(i.TIM_OC2_SetConfig)
    USART6_IRQHandler                        0x08004501   Thumb Code     6  stm32f4xx_it.o(i.USART6_IRQHandler)
    USER_BUTTON_Action                       0x0800450d   Thumb Code    14  main.o(i.USER_BUTTON_Action)
    UsageFault_Handler                       0x08004521   Thumb Code     2  stm32f4xx_it.o(i.UsageFault_Handler)
    __0sprintf$6                             0x08004525   Thumb Code    34  printf6.o(i.__0sprintf$6)
    __1sprintf$6                             0x08004525   Thumb Code     0  printf6.o(i.__0sprintf$6)
    __2sprintf                               0x08004525   Thumb Code     0  printf6.o(i.__0sprintf$6)
    __ARM_fpclassify                         0x0800454d   Thumb Code    48  fpclassify.o(i.__ARM_fpclassify)
    __ARM_fpclassifyf                        0x0800457d   Thumb Code    38  fpclassifyf.o(i.__ARM_fpclassifyf)
    __aeabi_errno_addr                       0x080045c5   Thumb Code     4  errno.o(i.__aeabi_errno_addr)
    __rt_errno_addr                          0x080045c5   Thumb Code     0  errno.o(i.__aeabi_errno_addr)
    __hardfp_atan2f                          0x080045cd   Thumb Code   502  atan2f.o(i.__hardfp_atan2f)
    __hardfp_cos                             0x08004821   Thumb Code   180  cos.o(i.__hardfp_cos)
    __hardfp_fmod                            0x080048e9   Thumb Code   254  fmod.o(i.__hardfp_fmod)
    __hardfp_pow                             0x080049f1   Thumb Code  3072  pow.o(i.__hardfp_pow)
    __hardfp_powf                            0x08005641   Thumb Code  1606  powf.o(i.__hardfp_powf)
    __mathlib_powf                           0x08005641   Thumb Code     0  powf.o(i.__hardfp_powf)
    __hardfp_roundf                          0x08005ca5   Thumb Code   154  roundf.o(i.__hardfp_roundf)
    __hardfp_sin                             0x08005d41   Thumb Code   180  sin.o(i.__hardfp_sin)
    __hardfp_sqrt                            0x08005e09   Thumb Code   122  sqrt.o(i.__hardfp_sqrt)
    __ieee754_rem_pio2                       0x08005e89   Thumb Code   938  rred.o(i.__ieee754_rem_pio2)
    __kernel_cos                             0x080062c1   Thumb Code   322  cos_i.o(i.__kernel_cos)
    __kernel_poly                            0x08006431   Thumb Code   248  poly.o(i.__kernel_poly)
    __kernel_sin                             0x08006529   Thumb Code   280  sin_i.o(i.__kernel_sin)
    __mathlib_dbl_divzero                    0x08006659   Thumb Code    28  dunder.o(i.__mathlib_dbl_divzero)
    __mathlib_dbl_infnan                     0x08006689   Thumb Code    20  dunder.o(i.__mathlib_dbl_infnan)
    __mathlib_dbl_infnan2                    0x0800669d   Thumb Code    20  dunder.o(i.__mathlib_dbl_infnan2)
    __mathlib_dbl_invalid                    0x080066b1   Thumb Code    24  dunder.o(i.__mathlib_dbl_invalid)
    __mathlib_dbl_overflow                   0x080066d1   Thumb Code    24  dunder.o(i.__mathlib_dbl_overflow)
    __mathlib_dbl_underflow                  0x080066f1   Thumb Code    24  dunder.o(i.__mathlib_dbl_underflow)
    __mathlib_flt_divzero                    0x08006711   Thumb Code    14  funder.o(i.__mathlib_flt_divzero)
    __mathlib_flt_infnan2                    0x08006725   Thumb Code     6  funder.o(i.__mathlib_flt_infnan2)
    __mathlib_flt_invalid                    0x0800672d   Thumb Code    10  funder.o(i.__mathlib_flt_invalid)
    __mathlib_flt_overflow                   0x0800673d   Thumb Code    10  funder.o(i.__mathlib_flt_overflow)
    __mathlib_flt_underflow                  0x0800674d   Thumb Code    10  funder.o(i.__mathlib_flt_underflow)
    __scatterload_copy                       0x0800675d   Thumb Code    14  handlers.o(i.__scatterload_copy)
    __scatterload_null                       0x0800676b   Thumb Code     2  handlers.o(i.__scatterload_null)
    __scatterload_zeroinit                   0x0800676d   Thumb Code    14  handlers.o(i.__scatterload_zeroinit)
    __set_errno                              0x0800677d   Thumb Code     6  errno.o(i.__set_errno)
    fabs                                     0x08006ad5   Thumb Code    24  fabs.o(i.fabs)
    main                                     0x08006aed   Thumb Code   278  main.o(i.main)
    sqrt                                     0x08006c2d   Thumb Code   110  sqrt.o(i.sqrt)
    AHBPrescTable                            0x08006ca2   Data          16  system_stm32f4xx.o(.constdata)
    APBPrescTable                            0x08006cb2   Data           8  system_stm32f4xx.o(.constdata)
    __mathlib_zero                           0x08006eb8   Data           8  qnan.o(.constdata)
    __ctype_table                            0x08006fb0   Data         129  ctype_o.o(.constdata)
    Region$$Table$$Base                      0x08007038   Number         0  anon$$obj.o(Region$$Table)
    Region$$Table$$Limit                     0x08007058   Number         0  anon$$obj.o(Region$$Table)
    run                                      0x20000000   Data           1  motors.o(.data)
    pMOT_LEFT                                0x20000004   Data           4  motors.o(.data)
    pMOT_RIGHT                               0x20000008   Data           4  motors.o(.data)
    pMOUSE                                   0x2000000c   Data           4  motors.o(.data)
    debug_right_speed                        0x20000010   Data           4  motors.o(.data)
    debug_left_speed                         0x20000014   Data           4  motors.o(.data)
    mean_ctr                                 0x20000028   Data           2  sensors.o(.data)
    pSENSOR_FRONT                            0x2000002c   Data           4  sensors.o(.data)
    pSENSOR_LEFT                             0x20000030   Data           4  sensors.o(.data)
    pSENSOR_RIGHT                            0x20000034   Data           4  sensors.o(.data)
    sSEN_FRONT                               0x20000038   Data           8  sensors.o(.data)
    sSEN_LEFT                                0x20000040   Data           8  sensors.o(.data)
    sSEN_RIGHT                               0x20000048   Data           8  sensors.o(.data)
    button_state_flag                        0x20000050   Data           1  main.o(.data)
    button_interrupt_flag                    0x20000051   Data           1  main.o(.data)
    button_interrupt_ctr                     0x20000052   Data           1  main.o(.data)
    logger_flag                              0x20000053   Data           1  main.o(.data)
    tick_10ms                                0x20000054   Data           1  main.o(.data)
    tick_200ms                               0x20000055   Data           1  main.o(.data)
    button_tick                              0x20000056   Data           1  stm32f4xx_it.o(.data)
    new_x                                    0x2000008c   Data           4  uart.o(.data)
    new_y                                    0x20000090   Data           4  uart.o(.data)
    new_ang_uart                             0x20000094   Data           4  uart.o(.data)
    Received                                 0x20000098   Data           6  uart.o(.data)
    uwTickFreq                               0x200000a0   Data           1  stm32f4xx_hal.o(.data)
    uwTickPrio                               0x200000a4   Data           4  stm32f4xx_hal.o(.data)
    uwTick                                   0x200000a8   Data           4  stm32f4xx_hal.o(.data)
    SystemCoreClock                          0x200000ac   Data           4  system_stm32f4xx.o(.data)
    sMOT_LEFT                                0x200000b4   Data          64  motors.o(.bss)
    sMOT_RIGHT                               0x200000f4   Data          64  motors.o(.bss)
    MOUSE                                    0x20000134   Data          48  motors.o(.bss)
    ADC_buff                                 0x20000164   Data          12  sensors.o(.bss)
    ADC_sum                                  0x20000170   Data          12  sensors.o(.bss)
    ADC_mean                                 0x2000017c   Data          12  sensors.o(.bss)
    ADC_conv_V                               0x20000188   Data          12  sensors.o(.bss)
    hadc1                                    0x20000194   Data          72  main.o(.bss)
    htim1                                    0x200001dc   Data          64  main.o(.bss)
    htim2                                    0x2000021c   Data          64  main.o(.bss)
    htim3                                    0x2000025c   Data          64  main.o(.bss)
    htim4                                    0x2000029c   Data          64  main.o(.bss)
    htim5                                    0x200002dc   Data          64  main.o(.bss)
    huart6                                   0x2000031c   Data          64  main.o(.bss)
    hdma_adc1                                0x2000035c   Data          96  main.o(.bss)
    hdma_usart6_rx                           0x200003bc   Data          96  main.o(.bss)
    hdma_usart6_tx                           0x2000041c   Data          96  main.o(.bss)
    __initial_sp                             0x200008b8   Data           0  startup_stm32f401xc.o(STACK)



==============================================================================

Memory Map of the image

  Image Entry point : 0x08000195

  Load Region LR_IROM1 (Base: 0x08000000, Size: 0x0000710c, Max: 0x00040000, ABSOLUTE)

    Execution Region ER_IROM1 (Exec base: 0x08000000, Load base: 0x08000000, Size: 0x00007058, Max: 0x00040000, ABSOLUTE)

    Exec Addr    Load Addr    Size         Type   Attr      Idx    E Section Name        Object

    0x08000000   0x08000000   0x00000194   Data   RO            3    RESET               startup_stm32f401xc.o
    0x08000194   0x08000194   0x00000000   Code   RO         3499  * .ARM.Collect$$$$00000000  mc_w.l(entry.o)
    0x08000194   0x08000194   0x00000004   Code   RO         3832    .ARM.Collect$$$$00000001  mc_w.l(entry2.o)
    0x08000198   0x08000198   0x00000004   Code   RO         3835    .ARM.Collect$$$$00000004  mc_w.l(entry5.o)
    0x0800019c   0x0800019c   0x00000000   Code   RO         3837    .ARM.Collect$$$$00000008  mc_w.l(entry7b.o)
    0x0800019c   0x0800019c   0x00000000   Code   RO         3839    .ARM.Collect$$$$0000000A  mc_w.l(entry8b.o)
    0x0800019c   0x0800019c   0x00000008   Code   RO         3840    .ARM.Collect$$$$0000000B  mc_w.l(entry9a.o)
    0x080001a4   0x080001a4   0x00000000   Code   RO         3842    .ARM.Collect$$$$0000000D  mc_w.l(entry10a.o)
    0x080001a4   0x080001a4   0x00000000   Code   RO         3844    .ARM.Collect$$$$0000000F  mc_w.l(entry11a.o)
    0x080001a4   0x080001a4   0x00000004   Code   RO         3833    .ARM.Collect$$$$00002712  mc_w.l(entry2.o)
    0x080001a8   0x080001a8   0x00000024   Code   RO            4    .text               startup_stm32f401xc.o
    0x080001cc   0x080001cc   0x00000062   Code   RO         3502    .text               mc_w.l(uldiv.o)
    0x0800022e   0x0800022e   0x00000024   Code   RO         3504    .text               mc_w.l(memseta.o)
    0x08000252   0x08000252   0x0000001a   Code   RO         3767    .text               mc_w.l(atoi.o)
    0x0800026c   0x0800026c   0x0000014e   Code   RO         3769    .text               mf_w.l(dadd.o)
    0x080003ba   0x080003ba   0x000000e4   Code   RO         3771    .text               mf_w.l(dmul.o)
    0x0800049e   0x0800049e   0x00000026   Code   RO         3773    .text               mf_w.l(f2d.o)
    0x080004c4   0x080004c4   0x00000038   Code   RO         3775    .text               mf_w.l(d2f.o)
    0x080004fc   0x080004fc   0x0000002c   Code   RO         3849    .text               mc_w.l(uidiv.o)
    0x08000528   0x08000528   0x0000001e   Code   RO         3851    .text               mc_w.l(llshl.o)
    0x08000546   0x08000546   0x00000020   Code   RO         3853    .text               mc_w.l(llushr.o)
    0x08000566   0x08000566   0x00000024   Code   RO         3855    .text               mc_w.l(llsshr.o)
    0x0800058a   0x0800058a   0x00000070   Code   RO         3864    .text               mc_w.l(strtol.o)
    0x080005fa   0x080005fa   0x00000000   Code   RO         3866    .text               mc_w.l(iusefp.o)
    0x080005fa   0x080005fa   0x0000006e   Code   RO         3867    .text               mf_w.l(fepilogue.o)
    0x08000668   0x08000668   0x0000003c   Code   RO         3869    .text               mf_w.l(frnd.o)
    0x080006a4   0x080006a4   0x000000ba   Code   RO         3871    .text               mf_w.l(depilogue.o)
    0x0800075e   0x0800075e   0x000000de   Code   RO         3873    .text               mf_w.l(ddiv.o)
    0x0800083c   0x0800083c   0x0000002e   Code   RO         3877    .text               mf_w.l(dscalb.o)
    0x0800086a   0x0800086a   0x000000a2   Code   RO         3879    .text               mf_w.l(dsqrt.o)
    0x0800090c   0x0800090c   0x00000086   Code   RO         3881    .text               mf_w.l(drem.o)
    0x08000992   0x08000992   0x00000022   Code   RO         3883    .text               mf_w.l(dflti.o)
    0x080009b4   0x080009b4   0x00000030   Code   RO         3889    .text               mf_w.l(cdrcmple.o)
    0x080009e4   0x080009e4   0x00000004   Code   RO         3891    .text               mf_w.l(fpstat.o)
    0x080009e8   0x080009e8   0x00000024   Code   RO         3893    .text               mc_w.l(init.o)
    0x08000a0c   0x08000a0c   0x00000008   Code   RO         3896    .text               mc_w.l(ctype_o.o)
    0x08000a14   0x08000a14   0x0000009e   Code   RO         3924    .text               mc_w.l(_strtoul.o)
    0x08000ab2   0x08000ab2   0x0000001a   Code   RO         3927    .text               mf_w.l(dfltui.o)
    0x08000acc   0x08000acc   0x0000003e   Code   RO         3929    .text               mf_w.l(dfixi.o)
    0x08000b0a   0x08000b0a   0x0000001c   Code   RO         3931    .text               mc_w.l(_chval.o)
    0x08000b26   0x08000b26   0x0000006e   Code   RO          663    i.ADC_DMAConvCplt   stm32f4xx_hal_adc.o
    0x08000b94   0x08000b94   0x00000016   Code   RO          664    i.ADC_DMAError      stm32f4xx_hal_adc.o
    0x08000baa   0x08000baa   0x0000000a   Code   RO          665    i.ADC_DMAHalfConvCplt  stm32f4xx_hal_adc.o
    0x08000bb4   0x08000bb4   0x0000000c   Code   RO          415    i.ADC_IRQHandler    stm32f4xx_it.o
    0x08000bc0   0x08000bc0   0x00000128   Code   RO          666    i.ADC_Init          stm32f4xx_hal_adc.o
    0x08000ce8   0x08000ce8   0x00000002   Code   RO          416    i.BusFault_Handler  stm32f4xx_it.o
    0x08000cea   0x08000cea   0x00000002   PAD
    0x08000cec   0x08000cec   0x000003d4   Code   RO          236    i.CALCULATE_TO_DISTANCE_MM  sensors.o
    0x080010c0   0x080010c0   0x0000007c   Code   RO          621    i.DATA_LOGGER_POS   uart.o
    0x0800113c   0x0800113c   0x0000000c   Code   RO          417    i.DMA2_Stream0_IRQHandler  stm32f4xx_it.o
    0x08001148   0x08001148   0x0000000c   Code   RO          418    i.DMA2_Stream1_IRQHandler  stm32f4xx_it.o
    0x08001154   0x08001154   0x0000000c   Code   RO          419    i.DMA2_Stream6_IRQHandler  stm32f4xx_it.o
    0x08001160   0x08001160   0x00000028   Code   RO         1421    i.DMA_CalcBaseAndBitshift  stm32f4xx_hal_dma.o
    0x08001188   0x08001188   0x00000054   Code   RO         1422    i.DMA_CheckFifoParam  stm32f4xx_hal_dma.o
    0x080011dc   0x080011dc   0x00000028   Code   RO         1423    i.DMA_SetConfig     stm32f4xx_hal_dma.o
    0x08001204   0x08001204   0x00000002   Code   RO          420    i.DebugMon_Handler  stm32f4xx_it.o
    0x08001206   0x08001206   0x00000006   Code   RO          421    i.EXTI0_IRQHandler  stm32f4xx_it.o
    0x0800120c   0x0800120c   0x00000006   Code   RO          422    i.EXTI1_IRQHandler  stm32f4xx_it.o
    0x08001212   0x08001212   0x00000004   Code   RO          313    i.Error_Handler     main.o
    0x08001216   0x08001216   0x00000002   Code   RO          837    i.HAL_ADCEx_InjectedConvCpltCallback  stm32f4xx_hal_adc_ex.o
    0x08001218   0x08001218   0x0000014c   Code   RO          668    i.HAL_ADC_ConfigChannel  stm32f4xx_hal_adc.o
    0x08001364   0x08001364   0x000000b0   Code   RO          240    i.HAL_ADC_ConvCpltCallback  sensors.o
    0x08001414   0x08001414   0x00000002   Code   RO          670    i.HAL_ADC_ConvHalfCpltCallback  stm32f4xx_hal_adc.o
    0x08001416   0x08001416   0x00000002   Code   RO          672    i.HAL_ADC_ErrorCallback  stm32f4xx_hal_adc.o
    0x08001418   0x08001418   0x0000013c   Code   RO          676    i.HAL_ADC_IRQHandler  stm32f4xx_hal_adc.o
    0x08001554   0x08001554   0x00000054   Code   RO          677    i.HAL_ADC_Init      stm32f4xx_hal_adc.o
    0x080015a8   0x080015a8   0x00000002   Code   RO          678    i.HAL_ADC_LevelOutOfWindowCallback  stm32f4xx_hal_adc.o
    0x080015aa   0x080015aa   0x00000002   PAD
    0x080015ac   0x080015ac   0x000000a8   Code   RO          543    i.HAL_ADC_MspInit   stm32f4xx_hal_msp.o
    0x08001654   0x08001654   0x00000100   Code   RO          684    i.HAL_ADC_Start_DMA  stm32f4xx_hal_adc.o
    0x08001754   0x08001754   0x00000024   Code   RO         1425    i.HAL_DMA_Abort_IT  stm32f4xx_hal_dma.o
    0x08001778   0x08001778   0x000001a0   Code   RO         1429    i.HAL_DMA_IRQHandler  stm32f4xx_hal_dma.o
    0x08001918   0x08001918   0x000000d4   Code   RO         1430    i.HAL_DMA_Init      stm32f4xx_hal_dma.o
    0x080019ec   0x080019ec   0x0000006e   Code   RO         1434    i.HAL_DMA_Start_IT  stm32f4xx_hal_dma.o
    0x08001a5a   0x08001a5a   0x00000002   PAD
    0x08001a5c   0x08001a5c   0x00000020   Code   RO          314    i.HAL_GPIO_EXTI_Callback  main.o
    0x08001a7c   0x08001a7c   0x00000018   Code   RO         1316    i.HAL_GPIO_EXTI_IRQHandler  stm32f4xx_hal_gpio.o
    0x08001a94   0x08001a94   0x00000194   Code   RO         1317    i.HAL_GPIO_Init     stm32f4xx_hal_gpio.o
    0x08001c28   0x08001c28   0x0000000a   Code   RO         1319    i.HAL_GPIO_ReadPin  stm32f4xx_hal_gpio.o
    0x08001c32   0x08001c32   0x0000000a   Code   RO         1321    i.HAL_GPIO_WritePin  stm32f4xx_hal_gpio.o
    0x08001c3c   0x08001c3c   0x0000000c   Code   RO         1873    i.HAL_GetTick       stm32f4xx_hal.o
    0x08001c48   0x08001c48   0x00000010   Code   RO         1879    i.HAL_IncTick       stm32f4xx_hal.o
    0x08001c58   0x08001c58   0x00000034   Code   RO         1880    i.HAL_Init          stm32f4xx_hal.o
    0x08001c8c   0x08001c8c   0x00000040   Code   RO         1881    i.HAL_InitTick      stm32f4xx_hal.o
    0x08001ccc   0x08001ccc   0x00000030   Code   RO          544    i.HAL_MspInit       stm32f4xx_hal_msp.o
    0x08001cfc   0x08001cfc   0x0000001a   Code   RO         1730    i.HAL_NVIC_EnableIRQ  stm32f4xx_hal_cortex.o
    0x08001d16   0x08001d16   0x00000002   PAD
    0x08001d18   0x08001d18   0x00000040   Code   RO         1736    i.HAL_NVIC_SetPriority  stm32f4xx_hal_cortex.o
    0x08001d58   0x08001d58   0x00000024   Code   RO         1737    i.HAL_NVIC_SetPriorityGrouping  stm32f4xx_hal_cortex.o
    0x08001d7c   0x08001d7c   0x00000134   Code   RO          939    i.HAL_RCC_ClockConfig  stm32f4xx_hal_rcc.o
    0x08001eb0   0x08001eb0   0x00000020   Code   RO          946    i.HAL_RCC_GetPCLK1Freq  stm32f4xx_hal_rcc.o
    0x08001ed0   0x08001ed0   0x00000020   Code   RO          947    i.HAL_RCC_GetPCLK2Freq  stm32f4xx_hal_rcc.o
    0x08001ef0   0x08001ef0   0x00000064   Code   RO          948    i.HAL_RCC_GetSysClockFreq  stm32f4xx_hal_rcc.o
    0x08001f54   0x08001f54   0x0000035c   Code   RO          951    i.HAL_RCC_OscConfig  stm32f4xx_hal_rcc.o
    0x080022b0   0x080022b0   0x00000028   Code   RO         1741    i.HAL_SYSTICK_Config  stm32f4xx_hal_cortex.o
    0x080022d8   0x080022d8   0x00000002   Code   RO         2795    i.HAL_TIMEx_BreakCallback  stm32f4xx_hal_tim_ex.o
    0x080022da   0x080022da   0x00000002   Code   RO         2796    i.HAL_TIMEx_CommutCallback  stm32f4xx_hal_tim_ex.o
    0x080022dc   0x080022dc   0x00000054   Code   RO         2798    i.HAL_TIMEx_ConfigBreakDeadTime  stm32f4xx_hal_tim_ex.o
    0x08002330   0x08002330   0x0000007c   Code   RO         2813    i.HAL_TIMEx_MasterConfigSynchronization  stm32f4xx_hal_tim_ex.o
    0x080023ac   0x080023ac   0x00000036   Code   RO         2120    i.HAL_TIM_Base_Init  stm32f4xx_hal_tim.o
    0x080023e2   0x080023e2   0x00000002   PAD
    0x080023e4   0x080023e4   0x00000060   Code   RO          546    i.HAL_TIM_Base_MspInit  stm32f4xx_hal_msp.o
    0x08002444   0x08002444   0x00000022   Code   RO         2125    i.HAL_TIM_Base_Start_IT  stm32f4xx_hal_tim.o
    0x08002466   0x08002466   0x000000d6   Code   RO         2129    i.HAL_TIM_ConfigClockSource  stm32f4xx_hal_tim.o
    0x0800253c   0x0800253c   0x00000098   Code   RO         2138    i.HAL_TIM_Encoder_Init  stm32f4xx_hal_tim.o
    0x080025d4   0x080025d4   0x000000a4   Code   RO          548    i.HAL_TIM_Encoder_MspInit  stm32f4xx_hal_msp.o
    0x08002678   0x08002678   0x00000034   Code   RO         2141    i.HAL_TIM_Encoder_Start  stm32f4xx_hal_tim.o
    0x080026ac   0x080026ac   0x00000002   Code   RO         2149    i.HAL_TIM_IC_CaptureCallback  stm32f4xx_hal_tim.o
    0x080026ae   0x080026ae   0x00000166   Code   RO         2163    i.HAL_TIM_IRQHandler  stm32f4xx_hal_tim.o
    0x08002814   0x08002814   0x00000080   Code   RO          549    i.HAL_TIM_MspPostInit  stm32f4xx_hal_msp.o
    0x08002894   0x08002894   0x00000002   Code   RO         2166    i.HAL_TIM_OC_DelayElapsedCallback  stm32f4xx_hal_tim.o
    0x08002896   0x08002896   0x000000d0   Code   RO         2187    i.HAL_TIM_PWM_ConfigChannel  stm32f4xx_hal_tim.o
    0x08002966   0x08002966   0x00000036   Code   RO         2190    i.HAL_TIM_PWM_Init  stm32f4xx_hal_tim.o
    0x0800299c   0x0800299c   0x00000002   Code   RO         2192    i.HAL_TIM_PWM_MspInit  stm32f4xx_hal_tim.o
    0x0800299e   0x0800299e   0x00000002   Code   RO         2193    i.HAL_TIM_PWM_PulseFinishedCallback  stm32f4xx_hal_tim.o
    0x080029a0   0x080029a0   0x00000038   Code   RO         2195    i.HAL_TIM_PWM_Start  stm32f4xx_hal_tim.o
    0x080029d8   0x080029d8   0x00000034   Code   RO          315    i.HAL_TIM_PeriodElapsedCallback  main.o
    0x08002a0c   0x08002a0c   0x00000002   Code   RO         2206    i.HAL_TIM_TriggerCallback  stm32f4xx_hal_tim.o
    0x08002a0e   0x08002a0e   0x00000002   Code   RO         3067    i.HAL_UART_ErrorCallback  stm32f4xx_hal_uart.o
    0x08002a10   0x08002a10   0x00000114   Code   RO         3070    i.HAL_UART_IRQHandler  stm32f4xx_hal_uart.o
    0x08002b24   0x08002b24   0x00000062   Code   RO         3071    i.HAL_UART_Init     stm32f4xx_hal_uart.o
    0x08002b86   0x08002b86   0x00000002   PAD
    0x08002b88   0x08002b88   0x000000e4   Code   RO          551    i.HAL_UART_MspInit  stm32f4xx_hal_msp.o
    0x08002c6c   0x08002c6c   0x00000098   Code   RO         3075    i.HAL_UART_Receive_DMA  stm32f4xx_hal_uart.o
    0x08002d04   0x08002d04   0x000003ac   Code   RO          622    i.HAL_UART_RxCpltCallback  uart.o
    0x080030b0   0x080030b0   0x00000002   Code   RO         3078    i.HAL_UART_RxHalfCpltCallback  stm32f4xx_hal_uart.o
    0x080030b2   0x080030b2   0x00000002   PAD
    0x080030b4   0x080030b4   0x00000080   Code   RO         3080    i.HAL_UART_Transmit_DMA  stm32f4xx_hal_uart.o
    0x08003134   0x08003134   0x00000002   Code   RO         3082    i.HAL_UART_TxCpltCallback  stm32f4xx_hal_uart.o
    0x08003136   0x08003136   0x00000002   Code   RO         3083    i.HAL_UART_TxHalfCpltCallback  stm32f4xx_hal_uart.o
    0x08003138   0x08003138   0x00000002   Code   RO          423    i.HardFault_Handler  stm32f4xx_it.o
    0x0800313a   0x0800313a   0x00000002   PAD
    0x0800313c   0x0800313c   0x00000060   Code   RO           13    i.MOT_LEFT_GET_SPEED  motors.o
    0x0800319c   0x0800319c   0x000000c8   Code   RO           14    i.MOT_LEFT_REGULATOR  motors.o
    0x08003264   0x08003264   0x00000098   Code   RO           15    i.MOT_LEFT_SET_SPEED  motors.o
    0x080032fc   0x080032fc   0x00000060   Code   RO           16    i.MOT_RIGHT_GET_SPEED  motors.o
    0x0800335c   0x0800335c   0x000000c8   Code   RO           17    i.MOT_RIGHT_REGULATOR  motors.o
    0x08003424   0x08003424   0x00000098   Code   RO           18    i.MOT_RIGHT_SET_SPEED  motors.o
    0x080034bc   0x080034bc   0x00000068   Code   RO           19    i.MOUSE_INIT        motors.o
    0x08003524   0x08003524   0x0000008c   Code   RO           20    i.MOUSE_MAIN        motors.o
    0x080035b0   0x080035b0   0x00000274   Code   RO           21    i.MOVE              motors.o
    0x08003824   0x08003824   0x0000008c   Code   RO          316    i.MX_ADC1_Init      main.o
    0x080038b0   0x080038b0   0x000000d4   Code   RO          317    i.MX_GPIO_Init      main.o
    0x08003984   0x08003984   0x000000c8   Code   RO          318    i.MX_TIM1_Init      main.o
    0x08003a4c   0x08003a4c   0x00000098   Code   RO          319    i.MX_TIM2_Init      main.o
    0x08003ae4   0x08003ae4   0x0000006c   Code   RO          320    i.MX_TIM3_Init      main.o
    0x08003b50   0x08003b50   0x0000006c   Code   RO          321    i.MX_TIM4_Init      main.o
    0x08003bbc   0x08003bbc   0x00000068   Code   RO          322    i.MX_TIM5_Init      main.o
    0x08003c24   0x08003c24   0x00000002   Code   RO          424    i.MemManage_Handler  stm32f4xx_it.o
    0x08003c26   0x08003c26   0x00000002   Code   RO          425    i.NMI_Handler       stm32f4xx_it.o
    0x08003c28   0x08003c28   0x00000008   Code   RO           23    i.PID_INIT          motors.o
    0x08003c30   0x08003c30   0x00000002   Code   RO          426    i.PendSV_Handler    stm32f4xx_it.o
    0x08003c32   0x08003c32   0x00000002   PAD
    0x08003c34   0x08003c34   0x00000200   Code   RO           24    i.READ_POS          motors.o
    0x08003e34   0x08003e34   0x00000002   Code   RO          427    i.SVC_Handler       stm32f4xx_it.o
    0x08003e36   0x08003e36   0x00000002   PAD
    0x08003e38   0x08003e38   0x00000080   Code   RO          428    i.SysTick_Handler   stm32f4xx_it.o
    0x08003eb8   0x08003eb8   0x00000094   Code   RO          323    i.SystemClock_Config  main.o
    0x08003f4c   0x08003f4c   0x0000001c   Code   RO         3373    i.SystemInit        system_stm32f4xx.o
    0x08003f68   0x08003f68   0x0000000c   Code   RO          429    i.TIM5_IRQHandler   stm32f4xx_it.o
    0x08003f74   0x08003f74   0x00000098   Code   RO         2208    i.TIM_Base_SetConfig  stm32f4xx_hal_tim.o
    0x0800400c   0x0800400c   0x0000001a   Code   RO         2209    i.TIM_CCxChannelCmd  stm32f4xx_hal_tim.o
    0x08004026   0x08004026   0x00000014   Code   RO         2219    i.TIM_ETR_SetConfig  stm32f4xx_hal_tim.o
    0x0800403a   0x0800403a   0x00000010   Code   RO         2220    i.TIM_ITRx_SetConfig  stm32f4xx_hal_tim.o
    0x0800404a   0x0800404a   0x00000002   PAD
    0x0800404c   0x0800404c   0x00000050   Code   RO         2221    i.TIM_OC1_SetConfig  stm32f4xx_hal_tim.o
    0x0800409c   0x0800409c   0x00000058   Code   RO         2222    i.TIM_OC2_SetConfig  stm32f4xx_hal_tim.o
    0x080040f4   0x080040f4   0x00000058   Code   RO         2223    i.TIM_OC3_SetConfig  stm32f4xx_hal_tim.o
    0x0800414c   0x0800414c   0x00000044   Code   RO         2224    i.TIM_OC4_SetConfig  stm32f4xx_hal_tim.o
    0x08004190   0x08004190   0x00000022   Code   RO         2226    i.TIM_TI1_ConfigInputStage  stm32f4xx_hal_tim.o
    0x080041b2   0x080041b2   0x00000024   Code   RO         2228    i.TIM_TI2_ConfigInputStage  stm32f4xx_hal_tim.o
    0x080041d6   0x080041d6   0x00000010   Code   RO         3084    i.UART_DMAAbortOnError  stm32f4xx_hal_uart.o
    0x080041e6   0x080041e6   0x0000004a   Code   RO         3085    i.UART_DMAError     stm32f4xx_hal_uart.o
    0x08004230   0x08004230   0x0000003c   Code   RO         3086    i.UART_DMAReceiveCplt  stm32f4xx_hal_uart.o
    0x0800426c   0x0800426c   0x0000000a   Code   RO         3088    i.UART_DMARxHalfCplt  stm32f4xx_hal_uart.o
    0x08004276   0x08004276   0x0000002e   Code   RO         3090    i.UART_DMATransmitCplt  stm32f4xx_hal_uart.o
    0x080042a4   0x080042a4   0x0000000a   Code   RO         3092    i.UART_DMATxHalfCplt  stm32f4xx_hal_uart.o
    0x080042ae   0x080042ae   0x0000001c   Code   RO         3094    i.UART_EndRxTransfer  stm32f4xx_hal_uart.o
    0x080042ca   0x080042ca   0x00000012   Code   RO         3095    i.UART_EndTxTransfer  stm32f4xx_hal_uart.o
    0x080042dc   0x080042dc   0x00000096   Code   RO         3096    i.UART_Receive_IT   stm32f4xx_hal_uart.o
    0x08004372   0x08004372   0x00000002   PAD
    0x08004374   0x08004374   0x00000128   Code   RO         3097    i.UART_SetConfig    stm32f4xx_hal_uart.o
    0x0800449c   0x0800449c   0x00000062   Code   RO         3098    i.UART_Transmit_IT  stm32f4xx_hal_uart.o
    0x080044fe   0x080044fe   0x00000002   PAD
    0x08004500   0x08004500   0x0000000c   Code   RO          430    i.USART6_IRQHandler  stm32f4xx_it.o
    0x0800450c   0x0800450c   0x00000014   Code   RO          324    i.USER_BUTTON_Action  main.o
    0x08004520   0x08004520   0x00000002   Code   RO          431    i.UsageFault_Handler  stm32f4xx_it.o
    0x08004522   0x08004522   0x00000002   PAD
    0x08004524   0x08004524   0x00000028   Code   RO         3663    i.__0sprintf$6      mc_w.l(printf6.o)
    0x0800454c   0x0800454c   0x00000030   Code   RO         3800    i.__ARM_fpclassify  m_wm.l(fpclassify.o)
    0x0800457c   0x0800457c   0x00000026   Code   RO         3802    i.__ARM_fpclassifyf  m_wm.l(fpclassifyf.o)
    0x080045a2   0x080045a2   0x00000020   Code   RO         1743    i.__NVIC_SetPriority  stm32f4xx_hal_cortex.o
    0x080045c2   0x080045c2   0x00000002   PAD
    0x080045c4   0x080045c4   0x00000008   Code   RO         3857    i.__aeabi_errno_addr  mc_w.l(errno.o)
    0x080045cc   0x080045cc   0x00000250   Code   RO         3407    i.__hardfp_atan2f   m_wm.l(atan2f.o)
    0x0800481c   0x0800481c   0x00000004   PAD
    0x08004820   0x08004820   0x000000c8   Code   RO         3419    i.__hardfp_cos      m_wm.l(cos.o)
    0x080048e8   0x080048e8   0x00000104   Code   RO         3431    i.__hardfp_fmod     m_wm.l(fmod.o)
    0x080049ec   0x080049ec   0x00000004   PAD
    0x080049f0   0x080049f0   0x00000c50   Code   RO         3443    i.__hardfp_pow      m_wm.l(pow.o)
    0x08005640   0x08005640   0x00000664   Code   RO         3457    i.__hardfp_powf     m_wm.l(powf.o)
    0x08005ca4   0x08005ca4   0x0000009a   Code   RO         3495    i.__hardfp_roundf   m_wm.l(roundf.o)
    0x08005d3e   0x08005d3e   0x00000002   PAD
    0x08005d40   0x08005d40   0x000000c8   Code   RO         3471    i.__hardfp_sin      m_wm.l(sin.o)
    0x08005e08   0x08005e08   0x0000007a   Code   RO         3483    i.__hardfp_sqrt     m_wm.l(sqrt.o)
    0x08005e82   0x08005e82   0x00000006   PAD
    0x08005e88   0x08005e88   0x00000438   Code   RO         3821    i.__ieee754_rem_pio2  m_wm.l(rred.o)
    0x080062c0   0x080062c0   0x00000170   Code   RO         3777    i.__kernel_cos      m_wm.l(cos_i.o)
    0x08006430   0x08006430   0x000000f8   Code   RO         3818    i.__kernel_poly     m_wm.l(poly.o)
    0x08006528   0x08006528   0x00000130   Code   RO         3826    i.__kernel_sin      m_wm.l(sin_i.o)
    0x08006658   0x08006658   0x00000030   Code   RO         3780    i.__mathlib_dbl_divzero  m_wm.l(dunder.o)
    0x08006688   0x08006688   0x00000014   Code   RO         3781    i.__mathlib_dbl_infnan  m_wm.l(dunder.o)
    0x0800669c   0x0800669c   0x00000014   Code   RO         3782    i.__mathlib_dbl_infnan2  m_wm.l(dunder.o)
    0x080066b0   0x080066b0   0x00000020   Code   RO         3783    i.__mathlib_dbl_invalid  m_wm.l(dunder.o)
    0x080066d0   0x080066d0   0x00000020   Code   RO         3784    i.__mathlib_dbl_overflow  m_wm.l(dunder.o)
    0x080066f0   0x080066f0   0x00000020   Code   RO         3786    i.__mathlib_dbl_underflow  m_wm.l(dunder.o)
    0x08006710   0x08006710   0x00000014   Code   RO         3804    i.__mathlib_flt_divzero  m_wm.l(funder.o)
    0x08006724   0x08006724   0x00000006   Code   RO         3806    i.__mathlib_flt_infnan2  m_wm.l(funder.o)
    0x0800672a   0x0800672a   0x00000002   PAD
    0x0800672c   0x0800672c   0x00000010   Code   RO         3807    i.__mathlib_flt_invalid  m_wm.l(funder.o)
    0x0800673c   0x0800673c   0x00000010   Code   RO         3808    i.__mathlib_flt_overflow  m_wm.l(funder.o)
    0x0800674c   0x0800674c   0x00000010   Code   RO         3810    i.__mathlib_flt_underflow  m_wm.l(funder.o)
    0x0800675c   0x0800675c   0x0000000e   Code   RO         3935    i.__scatterload_copy  mc_w.l(handlers.o)
    0x0800676a   0x0800676a   0x00000002   Code   RO         3936    i.__scatterload_null  mc_w.l(handlers.o)
    0x0800676c   0x0800676c   0x0000000e   Code   RO         3937    i.__scatterload_zeroinit  mc_w.l(handlers.o)
    0x0800677a   0x0800677a   0x00000002   PAD
    0x0800677c   0x0800677c   0x0000000c   Code   RO         3859    i.__set_errno       mc_w.l(errno.o)
    0x08006788   0x08006788   0x000002f0   Code   RO         3668    i._printf_core      mc_w.l(printf6.o)
    0x08006a78   0x08006a78   0x00000024   Code   RO         3669    i._printf_post_padding  mc_w.l(printf6.o)
    0x08006a9c   0x08006a9c   0x0000002e   Code   RO         3670    i._printf_pre_padding  mc_w.l(printf6.o)
    0x08006aca   0x08006aca   0x0000000a   Code   RO         3672    i._sputc            mc_w.l(printf6.o)
    0x08006ad4   0x08006ad4   0x00000018   Code   RO         3796    i.fabs              m_wm.l(fabs.o)
    0x08006aec   0x08006aec   0x00000140   Code   RO          325    i.main              main.o
    0x08006c2c   0x08006c2c   0x0000006e   Code   RO         3485    i.sqrt              m_wm.l(sqrt.o)
    0x08006c9a   0x08006c9a   0x00000008   Data   RO         1436    .constdata          stm32f4xx_hal_dma.o
    0x08006ca2   0x08006ca2   0x00000010   Data   RO         3374    .constdata          system_stm32f4xx.o
    0x08006cb2   0x08006cb2   0x00000008   Data   RO         3375    .constdata          system_stm32f4xx.o
    0x08006cba   0x08006cba   0x00000006   PAD
    0x08006cc0   0x08006cc0   0x00000088   Data   RO         3446    .constdata          m_wm.l(pow.o)
    0x08006d48   0x08006d48   0x00000140   Data   RO         3460    .constdata          m_wm.l(powf.o)
    0x08006e88   0x08006e88   0x00000030   Data   RO         3778    .constdata          m_wm.l(cos_i.o)
    0x08006eb8   0x08006eb8   0x00000008   Data   RO         3820    .constdata          m_wm.l(qnan.o)
    0x08006ec0   0x08006ec0   0x000000c8   Data   RO         3823    .constdata          m_wm.l(rred.o)
    0x08006f88   0x08006f88   0x00000028   Data   RO         3827    .constdata          m_wm.l(sin_i.o)
    0x08006fb0   0x08006fb0   0x00000081   Data   RO         3897    .constdata          mc_w.l(ctype_o.o)
    0x08007031   0x08007031   0x00000003   PAD
    0x08007034   0x08007034   0x00000004   Data   RO         3898    .constdata          mc_w.l(ctype_o.o)
    0x08007038   0x08007038   0x00000020   Data   RO         3933    Region$$Table       anon$$obj.o


    Execution Region RW_IRAM1 (Exec base: 0x20000000, Load base: 0x08007058, Size: 0x000008b8, Max: 0x00010000, ABSOLUTE)

    Exec Addr    Load Addr    Size         Type   Attr      Idx    E Section Name        Object

    0x20000000   0x08007058   0x00000028   Data   RW           28    .data               motors.o
    0x20000028   0x08007080   0x00000010   Data   RW          245    .data               sensors.o
    0x20000038   0x08007090   0x00000008   Data   RW          246    .data               sensors.o
    0x20000040   0x08007098   0x00000008   Data   RW          247    .data               sensors.o
    0x20000048   0x080070a0   0x00000008   Data   RW          248    .data               sensors.o
    0x20000050   0x080070a8   0x00000006   Data   RW          330    .data               main.o
    0x20000056   0x080070ae   0x00000001   Data   RW          432    .data               stm32f4xx_it.o
    0x20000057   0x080070af   0x00000001   PAD
    0x20000058   0x080070b0   0x00000046   Data   RW          624    .data               uart.o
    0x2000009e   0x080070f6   0x00000002   PAD
    0x200000a0   0x080070f8   0x0000000c   Data   RW         1887    .data               stm32f4xx_hal.o
    0x200000ac   0x08007104   0x00000004   Data   RW         3376    .data               system_stm32f4xx.o
    0x200000b0   0x08007108   0x00000004   Data   RW         3860    .data               mc_w.l(errno.o)
    0x200000b4        -       0x00000040   Zero   RW           25    .bss                motors.o
    0x200000f4        -       0x00000040   Zero   RW           26    .bss                motors.o
    0x20000134        -       0x00000030   Zero   RW           27    .bss                motors.o
    0x20000164        -       0x00000030   Zero   RW          244    .bss                sensors.o
    0x20000194        -       0x000001c8   Zero   RW          326    .bss                main.o
    0x2000035c        -       0x00000060   Zero   RW          327    .bss                main.o
    0x200003bc        -       0x00000060   Zero   RW          328    .bss                main.o
    0x2000041c        -       0x00000060   Zero   RW          329    .bss                main.o
    0x2000047c        -       0x00000038   Zero   RW          623    .bss                uart.o
    0x200004b4   0x0800710c   0x00000004   PAD
    0x200004b8        -       0x00000400   Zero   RW            1    STACK               startup_stm32f401xc.o


==============================================================================

Image component sizes


      Code (inc. data)   RO Data    RW Data    ZI Data      Debug   Object Name

      1600        138          0          6        744      11074   main.o
      2288        344          0         40        176     440659   motors.o
      1156        212          0         40         48       2639   sensors.o
        36          8        404          0       1024        828   startup_stm32f401xc.o
       144         24          0         12          0       8561   stm32f4xx_hal.o
      1432         56          0          0          0       8162   stm32f4xx_hal_adc.o
         2          0          0          0          0        965   stm32f4xx_hal_adc_ex.o
       198         14          0          0          0      33887   stm32f4xx_hal_cortex.o
       938         16          8          0          0       6386   stm32f4xx_hal_dma.o
       448         40          0          0          0       3622   stm32f4xx_hal_gpio.o
       832        102          0          0          0       4780   stm32f4xx_hal_msp.o
      1332         76          0          0          0       5172   stm32f4xx_hal_rcc.o
      1800         54          0          0          0      17701   stm32f4xx_hal_tim.o
       212         20          0          0          0       3229   stm32f4xx_hal_tim_ex.o
      1468         44          0          0          0      13172   stm32f4xx_hal_uart.o
       228         56          0          1          0       7955   stm32f4xx_it.o
        28          6         24          4          0       1103   system_stm32f4xx.o
      1064        166          0         70         56      33440   uart.o

    ----------------------------------------------------------------------
     15236       1376        474        176       2052     603335   Object Totals
         0          0         32          0          0          0   (incl. Generated)
        30          0          6          3          4          0   (incl. Padding)

    ----------------------------------------------------------------------

      Code (inc. data)   RO Data    RW Data    ZI Data      Debug   Library Member Name

       592         90          0          0          0        184   atan2f.o
       200         20          0          0          0        164   cos.o
       368         46         48          0          0        200   cos_i.o
       184         44          0          0          0        744   dunder.o
        24          0          0          0          0        124   fabs.o
       260          6          0          0          0        144   fmod.o
        48          0          0          0          0        124   fpclassify.o
        38          0          0          0          0        116   fpclassifyf.o
        74         24          0          0          0        580   funder.o
       248          0          0          0          0        152   poly.o
      3152        296        136          0          0        352   pow.o
      1636        110        320          0          0        372   powf.o
         0          0          8          0          0          0   qnan.o
       154          0          0          0          0        140   roundf.o
      1080        142        200          0          0        188   rred.o
       200         20          0          0          0        164   sin.o
       304         24         40          0          0        208   sin_i.o
       232          0          0          0          0        296   sqrt.o
        28          0          0          0          0         68   _chval.o
       158          0          0          0          0         92   _strtoul.o
        26          0          0          0          0         80   atoi.o
         8          4        133          0          0         68   ctype_o.o
         0          0          0          0          0          0   entry.o
         0          0          0          0          0          0   entry10a.o
         0          0          0          0          0          0   entry11a.o
         8          4          0          0          0          0   entry2.o
         4          0          0          0          0          0   entry5.o
         0          0          0          0          0          0   entry7b.o
         0          0          0          0          0          0   entry8b.o
         8          4          0          0          0          0   entry9a.o
        20         10          0          4          0        136   errno.o
        30          0          0          0          0          0   handlers.o
        36          8          0          0          0         68   init.o
         0          0          0          0          0          0   iusefp.o
        30          0          0          0          0         68   llshl.o
        36          0          0          0          0         68   llsshr.o
        32          0          0          0          0         68   llushr.o
        36          0          0          0          0        108   memseta.o
       884         10          0          0          0        420   printf6.o
       112          0          0          0          0         88   strtol.o
        44          0          0          0          0         80   uidiv.o
        98          0          0          0          0         92   uldiv.o
        48          0          0          0          0         68   cdrcmple.o
        56          0          0          0          0         88   d2f.o
       334          0          0          0          0        148   dadd.o
       222          0          0          0          0        100   ddiv.o
       186          0          0          0          0        176   depilogue.o
        62          0          0          0          0         80   dfixi.o
        34          0          0          0          0         76   dflti.o
        26          0          0          0          0         76   dfltui.o
       228          0          0          0          0         96   dmul.o
       134          0          0          0          0         96   drem.o
        46          0          0          0          0         80   dscalb.o
       162          0          0          0          0        100   dsqrt.o
        38          0          0          0          0         68   f2d.o
       110          0          0          0          0        168   fepilogue.o
         4          0          0          0          0         68   fpstat.o
        60          0          0          0          0         76   frnd.o

    ----------------------------------------------------------------------
     12162        870        888          4          0       7320   Library Totals
        20          8          3          0          0          0   (incl. Padding)

    ----------------------------------------------------------------------

      Code (inc. data)   RO Data    RW Data    ZI Data      Debug   Library Name

      8794        822        752          0          0       4252   m_wm.l
      1598         40        133          4          0       1504   mc_w.l
      1750          0          0          0          0       1564   mf_w.l

    ----------------------------------------------------------------------
     12162        870        888          4          0       7320   Library Totals

    ----------------------------------------------------------------------

==============================================================================


      Code (inc. data)   RO Data    RW Data    ZI Data      Debug   

     27398       2246       1362        180       2052     593947   Grand Totals
     27398       2246       1362        180       2052     593947   ELF Image Totals
     27398       2246       1362        180          0          0   ROM Totals

==============================================================================

    Total RO  Size (Code + RO Data)                28760 (  28.09kB)
    Total RW  Size (RW Data + ZI Data)              2232 (   2.18kB)
    Total ROM Size (Code + RO Data + RW Data)      28940 (  28.26kB)

==============================================================================

